
Optional file processor.o not found
Archive member included to satisfy reference by file (symbol)

c:/users/12037/pic/bin/bin/../../lib/gcc/pic32mx/8.3.1/../../../../pic32mx/lib\libpic32.a(default-bootstrap-exception-handler.o)
                              C:\Users\12037\AppData\Local\Temp\ccipr6J5.o (_bootstrap_exception_handler)
c:/users/12037/pic/bin/bin/../../lib/gcc/pic32mx/8.3.1/../../../../pic32mx/lib\libpic32.a(default-on-reset.o)
                              C:\Users\12037\AppData\Local\Temp\ccipr6J5.o (_on_reset)
c:/users/12037/pic/bin/bin/../../lib/gcc/pic32mx/8.3.1/../../../../pic32mx/lib\libpic32.a(default-on-bootstrap.o)
                              C:\Users\12037\AppData\Local\Temp\ccipr6J5.o (_on_bootstrap)
c:/users/12037/pic/bin/bin/../../lib/gcc/pic32mx/8.3.1/../../../../pic32mx/lib\libpic32.a(default-nmi-handler.o)
                              C:\Users\12037\AppData\Local\Temp\ccipr6J5.o (_nmi_handler)
c:/users/12037/pic/bin/bin/../../lib/gcc/pic32mx/8.3.1/../../../../pic32mx/lib\libpic32.a(pic32_data_init_wrapper.o)
                              C:\Users\12037\AppData\Local\Temp\ccipr6J5.o (__pic32_data_init)
c:/users/12037/pic/bin/bin/../../lib/gcc/pic32mx/8.3.1/../../../../pic32mx/lib\libpic32.a(pic32_data_init_0_1.o)
                              (__copy_needed)
c:/users/12037/pic/bin/bin/../../lib/gcc/pic32mx/8.3.1/../../../../pic32mx/lib\libpic32.a(general-exception.o)
                              C:\Users\12037\AppData\Local\Temp\ccipr6J5.o (_general_exception_context)
c:/users/12037/pic/bin/bin/../../lib/gcc/pic32mx/8.3.1/../../../../pic32mx/lib\libpic32.a(vector0.o)
                              C:\Users\12037\AppData\Local\Temp\cc6EiimE.o (__vector_dispatch_0)
c:/users/12037/pic/bin/bin/../../lib/gcc/pic32mx/8.3.1/../../../../pic32mx/lib\libpic32.a(vector1.o)
                              C:\Users\12037\AppData\Local\Temp\cc6EiimE.o (__vector_dispatch_1)
c:/users/12037/pic/bin/bin/../../lib/gcc/pic32mx/8.3.1/../../../../pic32mx/lib\libpic32.a(vector2.o)
                              C:\Users\12037\AppData\Local\Temp\cc6EiimE.o (__vector_dispatch_2)
c:/users/12037/pic/bin/bin/../../lib/gcc/pic32mx/8.3.1/../../../../pic32mx/lib\libpic32.a(vector3.o)
                              C:\Users\12037\AppData\Local\Temp\cc6EiimE.o (__vector_dispatch_3)
c:/users/12037/pic/bin/bin/../../lib/gcc/pic32mx/8.3.1/../../../../pic32mx/lib\libpic32.a(vector4.o)
                              C:\Users\12037\AppData\Local\Temp\cc6EiimE.o (__vector_dispatch_4)
c:/users/12037/pic/bin/bin/../../lib/gcc/pic32mx/8.3.1/../../../../pic32mx/lib\libpic32.a(vector5.o)
                              C:\Users\12037\AppData\Local\Temp\cc6EiimE.o (__vector_dispatch_5)
c:/users/12037/pic/bin/bin/../../lib/gcc/pic32mx/8.3.1/../../../../pic32mx/lib\libpic32.a(vector6.o)
                              C:\Users\12037\AppData\Local\Temp\cc6EiimE.o (__vector_dispatch_6)
c:/users/12037/pic/bin/bin/../../lib/gcc/pic32mx/8.3.1/../../../../pic32mx/lib\libpic32.a(vector7.o)
                              C:\Users\12037\AppData\Local\Temp\cc6EiimE.o (__vector_dispatch_7)
c:/users/12037/pic/bin/bin/../../lib/gcc/pic32mx/8.3.1/../../../../pic32mx/lib\libpic32.a(vector8.o)
                              C:\Users\12037\AppData\Local\Temp\cc6EiimE.o (__vector_dispatch_8)
c:/users/12037/pic/bin/bin/../../lib/gcc/pic32mx/8.3.1/../../../../pic32mx/lib\libpic32.a(vector9.o)
                              C:\Users\12037\AppData\Local\Temp\cc6EiimE.o (__vector_dispatch_9)
c:/users/12037/pic/bin/bin/../../lib/gcc/pic32mx/8.3.1/../../../../pic32mx/lib\libpic32.a(vector10.o)
                              C:\Users\12037\AppData\Local\Temp\cc6EiimE.o (__vector_dispatch_10)
c:/users/12037/pic/bin/bin/../../lib/gcc/pic32mx/8.3.1/../../../../pic32mx/lib\libpic32.a(vector11.o)
                              C:\Users\12037\AppData\Local\Temp\cc6EiimE.o (__vector_dispatch_11)
c:/users/12037/pic/bin/bin/../../lib/gcc/pic32mx/8.3.1/../../../../pic32mx/lib\libpic32.a(vector12.o)
                              C:\Users\12037\AppData\Local\Temp\cc6EiimE.o (__vector_dispatch_12)
c:/users/12037/pic/bin/bin/../../lib/gcc/pic32mx/8.3.1/../../../../pic32mx/lib\libpic32.a(vector13.o)
                              C:\Users\12037\AppData\Local\Temp\cc6EiimE.o (__vector_dispatch_13)
c:/users/12037/pic/bin/bin/../../lib/gcc/pic32mx/8.3.1/../../../../pic32mx/lib\libpic32.a(vector14.o)
                              C:\Users\12037\AppData\Local\Temp\cc6EiimE.o (__vector_dispatch_14)
c:/users/12037/pic/bin/bin/../../lib/gcc/pic32mx/8.3.1/../../../../pic32mx/lib\libpic32.a(vector15.o)
                              C:\Users\12037\AppData\Local\Temp\cc6EiimE.o (__vector_dispatch_15)
c:/users/12037/pic/bin/bin/../../lib/gcc/pic32mx/8.3.1/../../../../pic32mx/lib\libpic32.a(vector16.o)
                              C:\Users\12037\AppData\Local\Temp\cc6EiimE.o (__vector_dispatch_16)
[...]
Memory Configuration

Name             Origin             Length             Attributes
kseg0_program_mem 0x000000009d007490 0x0000000000038b70 xr
exception_mem    0x000000009d006000 0x0000000000001000
debug_exec_mem   0x000000009fc00490 0x0000000000000760
kseg0_boot_mem   0x000000009d006000 0x0000000000000000
kseg1_boot_mem   0x000000009d007000 0x0000000000000490
config3          0x00000000bfc00bf0 0x0000000000000004
config2          0x00000000bfc00bf4 0x0000000000000004
config1          0x00000000bfc00bf8 0x0000000000000004
config0          0x00000000bfc00bfc 0x0000000000000004
configsfrs       0x00000000bfc00bf0 0x0000000000000010
sfrs             0x00000000bf800000 0x0000000000100000
kseg1_data_mem   0x00000000a0000000 0x0000000000010000 w !x
*default*        0x0000000000000000 0xffffffffffffffff

Linker script and memory map

LOAD c:/users/12037/pic/bin/bin/../../lib/gcc/pic32mx/8.3.1/../../../../pic32mx/lib\debug-exception-return.o
LOAD build/default/production/nu32dip.o
LOAD build/default/production/template.o
                0x0000000000000001                __MPLAB_BUILD = 0x1
                0x0000000000000400                PROVIDE (_min_stack_size = 0x400)
                0x0000000000000000                PROVIDE (_min_heap_size = 0x0)
START GROUP
LOAD processor.o
END GROUP
                0x0000000000000001                PROVIDE (_vector_spacing = 0x1)
                0x000000009d006000                _ebase_address = 0x9d006000
                0x00000000bd007000                _RESET_ADDR = 0xbd007000
                0x00000000bfc07380                _BEV_EXCPT_ADDR = 0xbfc07380
                0x00000000bfc07480                _DBG_EXCPT_ADDR = 0xbfc07480
                0x000000009fc00490                _DBG_CODE_ADDR = 0x9fc00490
                0x0000000000000760                _DBG_CODE_SIZE = 0x760
                0x000000009d006180                _GEN_EXCPT_ADDR = (_ebase_address + 0x180)

.config_BFC00BF0
 *(.config_BFC00BF0)

.config_BFC00BF4
 *(.config_BFC00BF4)

.config_BFC00BF8
 *(.config_BFC00BF8)

.config_BFC00BFC
 *(.config_BFC00BFC)
                [!provide]                        PROVIDE (_DBG_CODE_ADDR = 0xbfc02000)
                [!provide]                        PROVIDE (_DBG_CODE_SIZE = 0xff0)

.reset          0x00000000bd007000      0x178
 *(.reset)
 .reset         0x00000000bd007000        0x8 C:\Users\12037\AppData\Local\Temp\ccipr6J5.o
                0x00000000bd007000                _reset
 *(.reset.startup)
 .reset.startup
                0x00000000bd007008      0x170 C:\Users\12037\AppData\Local\Temp\ccipr6J5.o
                0x00000000bd007008                _startup

.bev_excpt      0x00000000bfc07380       0x10
 *(.bev_handler)
 .bev_handler   0x00000000bfc07380       0x10 C:\Users\12037\AppData\Local\Temp\ccipr6J5.o

.dbg_excpt      0x00000000bfc07480        0x0
                0x00000000bfc07480                . = (. + DEFINED (_DEBUGGER)?0x8:0x0)

.dbg_code       0x000000009fc00490        0x0
                0x000000009fc00490                . = (. + DEFINED (_DEBUGGER)?_DBG_CODE_SIZE:0x0)

.app_excpt      0x000000009d006180       0x10
 *(.gen_handler)
 .gen_handler   0x000000009d006180       0x10 C:\Users\12037\AppData\Local\Temp\ccipr6J5.o

.vector_0       0x000000009d006200        0x8
 *(.vector_0)
 .vector_0      0x000000009d006200        0x8 c:/users/12037/pic/bin/bin/../../lib/gcc/pic32mx/8.3.1/../../../../pic32mx/lib\libpic32.a(vector0.o)
                0x000000009d006200                __vector_dispatch_0
                0x0000000000000001                ASSERT (((_vector_spacing == 0x0) || (SIZEOF (.vector_0) <= (_vector_spacing << 0x5))), function at exception vector 0 too large)

.vector_1       0x000000009d006220        0x8
 *(.vector_1)
 .vector_1      0x000000009d006220        0x8 c:/users/12037/pic/bin/bin/../../lib/gcc/pic32mx/8.3.1/../../../../pic32mx/lib\libpic32.a(vector1.o)
                0x000000009d006220                __vector_dispatch_1
                0x0000000000000001                ASSERT (((_vector_spacing == 0x0) || (SIZEOF (.vector_1) <= (_vector_spacing << 0x5))), function at exception vector 1 too large)

.vector_2       0x000000009d006240        0x8
 *(.vector_2)
 .vector_2      0x000000009d006240        0x8 c:/users/12037/pic/bin/bin/../../lib/gcc/pic32mx/8.3.1/../../../../pic32mx/lib\libpic32.a(vector2.o)
                0x000000009d006240                __vector_dispatch_2
                0x0000000000000001                ASSERT (((_vector_spacing == 0x0) || (SIZEOF (.vector_2) <= (_vector_spacing << 0x5))), function at exception vector 2 too large)

.vector_3       0x000000009d006260        0x8
 *(.vector_3)
 .vector_3      0x000000009d006260        0x8 c:/users/12037/pic/bin/bin/../../lib/gcc/pic32mx/8.3.1/../../../../pic32mx/lib\libpic32.a(vector3.o)
                0x000000009d006260                __vector_dispatch_3
                0x0000000000000001                ASSERT (((_vector_spacing == 0x0) || (SIZEOF (.vector_3) <= (_vector_spacing << 0x5))), function at exception vector 3 too large)

.vector_4       0x000000009d006280        0x8
 *(.vector_4)
 .vector_4      0x000000009d006280        0x8 c:/users/12037/pic/bin/bin/../../lib/gcc/pic32mx/8.3.1/../../../../pic32mx/lib\libpic32.a(vector4.o)
                0x000000009d006280                __vector_dispatch_4
                0x0000000000000001                ASSERT (((_vector_spacing == 0x0) || (SIZEOF (.vector_4) <= (_vector_spacing << 0x5))), function at exception vector 4 too large)

.vector_5       0x000000009d0062a0        0x8
 *(.vector_5)
 .vector_5      0x000000009d0062a0        0x8 c:/users/12037/pic/bin/bin/../../lib/gcc/pic32mx/8.3.1/../../../../pic32mx/lib\libpic32.a(vector5.o)
                0x000000009d0062a0                __vector_dispatch_5
                0x0000000000000001                ASSERT (((_vector_spacing == 0x0) || (SIZEOF (.vector_5) <= (_vector_spacing << 0x5))), function at exception vector 5 too large)

.vector_6       0x000000009d0062c0        0x8
 *(.vector_6)
 .vector_6      0x000000009d0062c0        0x8 c:/users/12037/pic/bin/bin/../../lib/gcc/pic32mx/8.3.1/../../../../pic32mx/lib\libpic32.a(vector6.o)
                0x000000009d0062c0                __vector_dispatch_6
                0x0000000000000001                ASSERT (((_vector_spacing == 0x0) || (SIZEOF (.vector_6) <= (_vector_spacing << 0x5))), function at exception vector 6 too large)

.vector_7       0x000000009d0062e0        0x8
 *(.vector_7)
 .vector_7      0x000000009d0062e0        0x8 c:/users/12037/pic/bin/bin/../../lib/gcc/pic32mx/8.3.1/../../../../pic32mx/lib\libpic32.a(vector7.o)
                0x000000009d0062e0                __vector_dispatch_7
                0x0000000000000001                ASSERT (((_vector_spacing == 0x0) || (SIZEOF (.vector_7) <= (_vector_spacing << 0x5))), function at exception vector 7 too large)

.vector_8       0x000000009d006300        0x8
 *(.vector_8)
 .vector_8      0x000000009d006300        0x8 c:/users/12037/pic/bin/bin/../../lib/gcc/pic32mx/8.3.1/../../../../pic32mx/lib\libpic32.a(vector8.o)
                0x000000009d006300                __vector_dispatch_8
                0x0000000000000001                ASSERT (((_vector_spacing == 0x0) || (SIZEOF (.vector_8) <= (_vector_spacing << 0x5))), function at exception vector 8 too large)

.vector_9       0x000000009d006320        0x8
 *(.vector_9)
 .vector_9      0x000000009d006320        0x8 c:/users/12037/pic/bin/bin/../../lib/gcc/pic32mx/8.3.1/../../../../pic32mx/lib\libpic32.a(vector9.o)
                0x000000009d006320                __vector_dispatch_9
                0x0000000000000001                ASSERT (((_vector_spacing == 0x0) || (SIZEOF (.vector_9) <= (_vector_spacing << 0x5))), function at exception vector 9 too large)

.vector_10      0x000000009d006340        0x8
 *(.vector_10)
 .vector_10     0x000000009d006340        0x8 c:/users/12037/pic/bin/bin/../../lib/gcc/pic32mx/8.3.1/../../../../pic32mx/lib\libpic32.a(vector10.o)
                0x000000009d006340                __vector_dispatch_10
                0x0000000000000001                ASSERT (((_vector_spacing == 0x0) || (SIZEOF (.vector_10) <= (_vector_spacing << 0x5))), function at exception vector 10 too large)

.vector_11      0x000000009d006360        0x8
 *(.vector_11)
 .vector_11     0x000000009d006360        0x8 c:/users/12037/pic/bin/bin/../../lib/gcc/pic32mx/8.3.1/../../../../pic32mx/lib\libpic32.a(vector11.o)
                0x000000009d006360                __vector_dispatch_11
                0x0000000000000001                ASSERT (((_vector_spacing == 0x0) || (SIZEOF (.vector_11) <= (_vector_spacing << 0x5))), function at exception vector 11 too large)

.vector_12      0x000000009d006380        0x8
 *(.vector_12)
 .vector_12     0x000000009d006380        0x8 c:/users/12037/pic/bin/bin/../../lib/gcc/pic32mx/8.3.1/../../../../pic32mx/lib\libpic32.a(vector12.o)
                0x000000009d006380                __vector_dispatch_12
                0x0000000000000001                ASSERT (((_vector_spacing == 0x0) || (SIZEOF (.vector_12) <= (_vector_spacing << 0x5))), function at exception vector 12 too large)

.vector_13      0x000000009d0063a0        0x8
 *(.vector_13)
 .vector_13     0x000000009d0063a0        0x8 c:/users/12037/pic/bin/bin/../../lib/gcc/pic32mx/8.3.1/../../../../pic32mx/lib\libpic32.a(vector13.o)
                0x000000009d0063a0                __vector_dispatch_13
                0x0000000000000001                ASSERT (((_vector_spacing == 0x0) || (SIZEOF (.vector_13) <= (_vector_spacing << 0x5))), function at exception vector 13 too large)

.vector_14      0x000000009d0063c0        0x8
 *(.vector_14)
 .vector_14     0x000000009d0063c0        0x8 c:/users/12037/pic/bin/bin/../../lib/gcc/pic32mx/8.3.1/../../../../pic32mx/lib\libpic32.a(vector14.o)
                0x000000009d0063c0                __vector_dispatch_14
                0x0000000000000001                ASSERT (((_vector_spacing == 0x0) || (SIZEOF (.vector_14) <= (_vector_spacing << 0x5))), function at exception vector 14 too large)

.vector_15      0x000000009d0063e0        0x8
 *(.vector_15)
 .vector_15     0x000000009d0063e0        0x8 c:/users/12037/pic/bin/bin/../../lib/gcc/pic32mx/8.3.1/../../../../pic32mx/lib\libpic32.a(vector15.o)
                0x000000009d0063e0                __vector_dispatch_15
                0x0000000000000001                ASSERT (((_vector_spacing == 0x0) || (SIZEOF (.vector_15) <= (_vector_spacing << 0x5))), function at exception vector 15 too large)

.vector_16      0x000000009d006400        0x8
 *(.vector_16)
 .vector_16     0x000000009d006400        0x8 c:/users/12037/pic/bin/bin/../../lib/gcc/pic32mx/8.3.1/../../../../pic32mx/lib\libpic32.a(vector16.o)
                0x000000009d006400                __vector_dispatch_16
                0x0000000000000001                ASSERT (((_vector_spacing == 0x0) || (SIZEOF (.vector_16) <= (_vector_spacing << 0x5))), function at exception vector 16 too large)

.vector_17      0x000000009d006420        0x8
 *(.vector_17)
 .vector_17     0x000000009d006420        0x8 c:/users/12037/pic/bin/bin/../../lib/gcc/pic32mx/8.3.1/../../../../pic32mx/lib\libpic32.a(vector17.o)
                0x000000009d006420                __vector_dispatch_17
                0x0000000000000001                ASSERT (((_vector_spacing == 0x0) || (SIZEOF (.vector_17) <= (_vector_spacing << 0x5))), function at exception vector 17 too large)

.vector_18      0x000000009d006440        0x8
 *(.vector_18)
 .vector_18     0x000000009d006440        0x8 c:/users/12037/pic/bin/bin/../../lib/gcc/pic32mx/8.3.1/../../../../pic32mx/lib\libpic32.a(vector18.o)
                0x000000009d006440                __vector_dispatch_18
                0x0000000000000001                ASSERT (((_vector_spacing == 0x0) || (SIZEOF (.vector_18) <= (_vector_spacing << 0x5))), function at exception vector 18 too large)

.vector_19      0x000000009d006460        0x8
 *(.vector_19)
 .vector_19     0x000000009d006460        0x8 c:/users/12037/pic/bin/bin/../../lib/gcc/pic32mx/8.3.1/../../../../pic32mx/lib\libpic32.a(vector19.o)
                0x000000009d006460                __vector_dispatch_19
                0x0000000000000001                ASSERT (((_vector_spacing == 0x0) || (SIZEOF (.vector_19) <= (_vector_spacing << 0x5))), function at exception vector 19 too large)

.vector_20      0x000000009d006480        0x8
 *(.vector_20)
 .vector_20     0x000000009d006480        0x8 c:/users/12037/pic/bin/bin/../../lib/gcc/pic32mx/8.3.1/../../../../pic32mx/lib\libpic32.a(vector20.o)
                0x000000009d006480                __vector_dispatch_20
                0x0000000000000001                ASSERT (((_vector_spacing == 0x0) || (SIZEOF (.vector_20) <= (_vector_spacing << 0x5))), function at exception vector 20 too large)

.vector_21      0x000000009d0064a0        0x8
 *(.vector_21)
 .vector_21     0x000000009d0064a0        0x8 c:/users/12037/pic/bin/bin/../../lib/gcc/pic32mx/8.3.1/../../../../pic32mx/lib\libpic32.a(vector21.o)
                0x000000009d0064a0                __vector_dispatch_21
                0x0000000000000001                ASSERT (((_vector_spacing == 0x0) || (SIZEOF (.vector_21) <= (_vector_spacing << 0x5))), function at exception vector 21 too large)

.vector_22      0x000000009d0064c0        0x8
 *(.vector_22)
 .vector_22     0x000000009d0064c0        0x8 c:/users/12037/pic/bin/bin/../../lib/gcc/pic32mx/8.3.1/../../../../pic32mx/lib\libpic32.a(vector22.o)
                0x000000009d0064c0                __vector_dispatch_22
                0x0000000000000001                ASSERT (((_vector_spacing == 0x0) || (SIZEOF (.vector_22) <= (_vector_spacing << 0x5))), function at exception vector 22 too large)

.vector_23      0x000000009d0064e0        0x8
 *(.vector_23)
 .vector_23     0x000000009d0064e0        0x8 c:/users/12037/pic/bin/bin/../../lib/gcc/pic32mx/8.3.1/../../../../pic32mx/lib\libpic32.a(vector23.o)
                0x000000009d0064e0                __vector_dispatch_23
                0x0000000000000001                ASSERT (((_vector_spacing == 0x0) || (SIZEOF (.vector_23) <= (_vector_spacing << 0x5))), function at exception vector 23 too large)

.vector_24      0x000000009d006500        0x8
 *(.vector_24)
 .vector_24     0x000000009d006500        0x8 c:/users/12037/pic/bin/bin/../../lib/gcc/pic32mx/8.3.1/../../../../pic32mx/lib\libpic32.a(vector24.o)
                0x000000009d006500                __vector_dispatch_24
                0x0000000000000001                ASSERT (((_vector_spacing == 0x0) || (SIZEOF (.vector_24) <= (_vector_spacing << 0x5))), function at exception vector 24 too large)

.vector_25      0x000000009d006520        0x8
 *(.vector_25)
 .vector_25     0x000000009d006520        0x8 c:/users/12037/pic/bin/bin/../../lib/gcc/pic32mx/8.3.1/../../../../pic32mx/lib\libpic32.a(vector25.o)
                0x000000009d006520                __vector_dispatch_25
                0x0000000000000001                ASSERT (((_vector_spacing == 0x0) || (SIZEOF (.vector_25) <= (_vector_spacing << 0x5))), function at exception vector 25 too large)

.vector_26      0x000000009d006540        0x8
 *(.vector_26)
 .vector_26     0x000000009d006540        0x8 c:/users/12037/pic/bin/bin/../../lib/gcc/pic32mx/8.3.1/../../../../pic32mx/lib\libpic32.a(vector26.o)
                0x000000009d006540                __vector_dispatch_26
                0x0000000000000001                ASSERT (((_vector_spacing == 0x0) || (SIZEOF (.vector_26) <= (_vector_spacing << 0x5))), function at exception vector 26 too large)

.vector_27      0x000000009d006560        0x8
 *(.vector_27)
 .vector_27     0x000000009d006560        0x8 c:/users/12037/pic/bin/bin/../../lib/gcc/pic32mx/8.3.1/../../../../pic32mx/lib\libpic32.a(vector27.o)
                0x000000009d006560                __vector_dispatch_27
                0x0000000000000001                ASSERT (((_vector_spacing == 0x0) || (SIZEOF (.vector_27) <= (_vector_spacing << 0x5))), function at exception vector 27 too large)

.vector_28      0x000000009d006580        0x8
 *(.vector_28)
 .vector_28     0x000000009d006580        0x8 c:/users/12037/pic/bin/bin/../../lib/gcc/pic32mx/8.3.1/../../../../pic32mx/lib\libpic32.a(vector28.o)
                0x000000009d006580                __vector_dispatch_28
                0x0000000000000001                ASSERT (((_vector_spacing == 0x0) || (SIZEOF (.vector_28) <= (_vector_spacing << 0x5))), function at exception vector 28 too large)

.vector_29      0x000000009d0065a0        0x8
 *(.vector_29)
 .vector_29     0x000000009d0065a0        0x8 c:/users/12037/pic/bin/bin/../../lib/gcc/pic32mx/8.3.1/../../../../pic32mx/lib\libpic32.a(vector29.o)
                0x000000009d0065a0                __vector_dispatch_29
                0x0000000000000001                ASSERT (((_vector_spacing == 0x0) || (SIZEOF (.vector_29) <= (_vector_spacing << 0x5))), function at exception vector 29 too large)

.vector_30      0x000000009d0065c0        0x8
 *(.vector_30)
 .vector_30     0x000000009d0065c0        0x8 c:/users/12037/pic/bin/bin/../../lib/gcc/pic32mx/8.3.1/../../../../pic32mx/lib\libpic32.a(vector30.o)
                0x000000009d0065c0                __vector_dispatch_30
                0x0000000000000001                ASSERT (((_vector_spacing == 0x0) || (SIZEOF (.vector_30) <= (_vector_spacing << 0x5))), function at exception vector 30 too large)

.vector_31      0x000000009d0065e0        0x8
 *(.vector_31)
 .vector_31     0x000000009d0065e0        0x8 c:/users/12037/pic/bin/bin/../../lib/gcc/pic32mx/8.3.1/../../../../pic32mx/lib\libpic32.a(vector31.o)
                0x000000009d0065e0                __vector_dispatch_31
                0x0000000000000001                ASSERT (((_vector_spacing == 0x0) || (SIZEOF (.vector_31) <= (_vector_spacing << 0x5))), function at exception vector 31 too large)

.vector_32      0x000000009d006600        0x8
 *(.vector_32)
 .vector_32     0x000000009d006600        0x8 c:/users/12037/pic/bin/bin/../../lib/gcc/pic32mx/8.3.1/../../../../pic32mx/lib\libpic32.a(vector32.o)
                0x000000009d006600                __vector_dispatch_32
                0x0000000000000001                ASSERT (((_vector_spacing == 0x0) || (SIZEOF (.vector_32) <= (_vector_spacing << 0x5))), function at exception vector 32 too large)

.vector_33      0x000000009d006620        0x8
 *(.vector_33)
 .vector_33     0x000000009d006620        0x8 c:/users/12037/pic/bin/bin/../../lib/gcc/pic32mx/8.3.1/../../../../pic32mx/lib\libpic32.a(vector33.o)
                0x000000009d006620                __vector_dispatch_33
                0x0000000000000001                ASSERT (((_vector_spacing == 0x0) || (SIZEOF (.vector_33) <= (_vector_spacing << 0x5))), function at exception vector 33 too large)

.vector_34      0x000000009d006640        0x8
 *(.vector_34)
 .vector_34     0x000000009d006640        0x8 c:/users/12037/pic/bin/bin/../../lib/gcc/pic32mx/8.3.1/../../../../pic32mx/lib\libpic32.a(vector34.o)
                0x000000009d006640                __vector_dispatch_34
                0x0000000000000001                ASSERT (((_vector_spacing == 0x0) || (SIZEOF (.vector_34) <= (_vector_spacing << 0x5))), function at exception vector 34 too large)

.vector_35      0x000000009d006660        0x8
 *(.vector_35)
 .vector_35     0x000000009d006660        0x8 c:/users/12037/pic/bin/bin/../../lib/gcc/pic32mx/8.3.1/../../../../pic32mx/lib\libpic32.a(vector35.o)
                0x000000009d006660                __vector_dispatch_35
                0x0000000000000001                ASSERT (((_vector_spacing == 0x0) || (SIZEOF (.vector_35) <= (_vector_spacing << 0x5))), function at exception vector 35 too large)

.vector_36      0x000000009d006680        0x8
 *(.vector_36)
 .vector_36     0x000000009d006680        0x8 c:/users/12037/pic/bin/bin/../../lib/gcc/pic32mx/8.3.1/../../../../pic32mx/lib\libpic32.a(vector36.o)
                0x000000009d006680                __vector_dispatch_36
                0x0000000000000001                ASSERT (((_vector_spacing == 0x0) || (SIZEOF (.vector_36) <= (_vector_spacing << 0x5))), function at exception vector 36 too large)

.vector_37      0x000000009d0066a0        0x8
 *(.vector_37)
 .vector_37     0x000000009d0066a0        0x8 c:/users/12037/pic/bin/bin/../../lib/gcc/pic32mx/8.3.1/../../../../pic32mx/lib\libpic32.a(vector37.o)
                0x000000009d0066a0                __vector_dispatch_37
                0x0000000000000001                ASSERT (((_vector_spacing == 0x0) || (SIZEOF (.vector_37) <= (_vector_spacing << 0x5))), function at exception vector 37 too large)

.vector_38      0x000000009d0066c0        0x8
 *(.vector_38)
 .vector_38     0x000000009d0066c0        0x8 c:/users/12037/pic/bin/bin/../../lib/gcc/pic32mx/8.3.1/../../../../pic32mx/lib\libpic32.a(vector38.o)
                0x000000009d0066c0                __vector_dispatch_38
                0x0000000000000001                ASSERT (((_vector_spacing == 0x0) || (SIZEOF (.vector_38) <= (_vector_spacing << 0x5))), function at exception vector 38 too large)

.vector_39      0x000000009d0066e0        0x8
 *(.vector_39)
 .vector_39     0x000000009d0066e0        0x8 c:/users/12037/pic/bin/bin/../../lib/gcc/pic32mx/8.3.1/../../../../pic32mx/lib\libpic32.a(vector39.o)
                0x000000009d0066e0                __vector_dispatch_39
                0x0000000000000001                ASSERT (((_vector_spacing == 0x0) || (SIZEOF (.vector_39) <= (_vector_spacing << 0x5))), function at exception vector 39 too large)

.vector_40      0x000000009d006700        0x8
 *(.vector_40)
 .vector_40     0x000000009d006700        0x8 c:/users/12037/pic/bin/bin/../../lib/gcc/pic32mx/8.3.1/../../../../pic32mx/lib\libpic32.a(vector40.o)
                0x000000009d006700                __vector_dispatch_40
                0x0000000000000001                ASSERT (((_vector_spacing == 0x0) || (SIZEOF (.vector_40) <= (_vector_spacing << 0x5))), function at exception vector 40 too large)

.vector_41      0x000000009d006720        0x8
 *(.vector_41)
 .vector_41     0x000000009d006720        0x8 c:/users/12037/pic/bin/bin/../../lib/gcc/pic32mx/8.3.1/../../../../pic32mx/lib\libpic32.a(vector41.o)
                0x000000009d006720                __vector_dispatch_41
                0x0000000000000001                ASSERT (((_vector_spacing == 0x0) || (SIZEOF (.vector_41) <= (_vector_spacing << 0x5))), function at exception vector 41 too large)

.vector_42      0x000000009d006740        0x8
 *(.vector_42)
 .vector_42     0x000000009d006740        0x8 c:/users/12037/pic/bin/bin/../../lib/gcc/pic32mx/8.3.1/../../../../pic32mx/lib\libpic32.a(vector42.o)
                0x000000009d006740                __vector_dispatch_42
                0x0000000000000001                ASSERT (((_vector_spacing == 0x0) || (SIZEOF (.vector_42) <= (_vector_spacing << 0x5))), function at exception vector 42 too large)

.vector_43      0x000000009d006760        0x8
 *(.vector_43)
 .vector_43     0x000000009d006760        0x8 c:/users/12037/pic/bin/bin/../../lib/gcc/pic32mx/8.3.1/../../../../pic32mx/lib\libpic32.a(vector43.o)
                0x000000009d006760                __vector_dispatch_43
                0x0000000000000001                ASSERT (((_vector_spacing == 0x0) || (SIZEOF (.vector_43) <= (_vector_spacing << 0x5))), function at exception vector 43 too large)

.vector_44      0x000000009d006780        0x0
 *(.vector_44)
                0x0000000000000001                ASSERT (((_vector_spacing == 0x0) || (SIZEOF (.vector_44) <= (_vector_spacing << 0x5))), function at exception vector 44 too large)

.vector_45      0x000000009d0067a0        0x0
 *(.vector_45)
                0x0000000000000001                ASSERT (((_vector_spacing == 0x0) || (SIZEOF (.vector_45) <= (_vector_spacing << 0x5))), function at exception vector 45 too large)

.vector_46      0x000000009d0067c0        0x0
 *(.vector_46)
                0x0000000000000001                ASSERT (((_vector_spacing == 0x0) || (SIZEOF (.vector_46) <= (_vector_spacing << 0x5))), function at exception vector 46 too large)

.vector_47      0x000000009d0067e0        0x0
 *(.vector_47)
                0x0000000000000001                ASSERT (((_vector_spacing == 0x0) || (SIZEOF (.vector_47) <= (_vector_spacing << 0x5))), function at exception vector 47 too large)

.vector_48      0x000000009d006800        0x0
 *(.vector_48)
                0x0000000000000001                ASSERT (((_vector_spacing == 0x0) || (SIZEOF (.vector_48) <= (_vector_spacing << 0x5))), function at exception vector 48 too large)

.vector_49      0x000000009d006820        0x0
 *(.vector_49)
                0x0000000000000001                ASSERT (((_vector_spacing == 0x0) || (SIZEOF (.vector_49) <= (_vector_spacing << 0x5))), function at exception vector 49 too large)

.vector_50      0x000000009d006840        0x0
 *(.vector_50)
                0x0000000000000001                ASSERT (((_vector_spacing == 0x0) || (SIZEOF (.vector_50) <= (_vector_spacing << 0x5))), function at exception vector 50 too large)

.vector_51      0x000000009d006860        0x0
 *(.vector_51)
                0x0000000000000001                ASSERT (((_vector_spacing == 0x0) || (SIZEOF (.vector_51) <= (_vector_spacing << 0x5))), function at exception vector 51 too large)

.vector_52      0x000000009d006880        0x0
 *(.vector_52)
                0x0000000000000001                ASSERT (((_vector_spacing == 0x0) || (SIZEOF (.vector_52) <= (_vector_spacing << 0x5))), function at exception vector 52 too large)

.vector_53      0x000000009d0068a0        0x0
 *(.vector_53)
                0x0000000000000001                ASSERT (((_vector_spacing == 0x0) || (SIZEOF (.vector_53) <= (_vector_spacing << 0x5))), function at exception vector 53 too large)

.vector_54      0x000000009d0068c0        0x0
 *(.vector_54)
                0x0000000000000001                ASSERT (((_vector_spacing == 0x0) || (SIZEOF (.vector_54) <= (_vector_spacing << 0x5))), function at exception vector 54 too large)

.vector_55      0x000000009d0068e0        0x0
 *(.vector_55)
                0x0000000000000001                ASSERT (((_vector_spacing == 0x0) || (SIZEOF (.vector_55) <= (_vector_spacing << 0x5))), function at exception vector 55 too large)

.vector_56      0x000000009d006900        0x0
 *(.vector_56)
                0x0000000000000001                ASSERT (((_vector_spacing == 0x0) || (SIZEOF (.vector_56) <= (_vector_spacing << 0x5))), function at exception vector 56 too large)

.vector_57      0x000000009d006920        0x0
 *(.vector_57)
                0x0000000000000001                ASSERT (((_vector_spacing == 0x0) || (SIZEOF (.vector_57) <= (_vector_spacing << 0x5))), function at exception vector 57 too large)

.vector_58      0x000000009d006940        0x0
 *(.vector_58)
                0x0000000000000001                ASSERT (((_vector_spacing == 0x0) || (SIZEOF (.vector_58) <= (_vector_spacing << 0x5))), function at exception vector 58 too large)

.vector_59      0x000000009d006960        0x0
 *(.vector_59)
                0x0000000000000001                ASSERT (((_vector_spacing == 0x0) || (SIZEOF (.vector_59) <= (_vector_spacing << 0x5))), function at exception vector 59 too large)

.vector_60      0x000000009d006980        0x0
 *(.vector_60)
                0x0000000000000001                ASSERT (((_vector_spacing == 0x0) || (SIZEOF (.vector_60) <= (_vector_spacing << 0x5))), function at exception vector 60 too large)

.vector_61      0x000000009d0069a0        0x0
 *(.vector_61)
                0x0000000000000001                ASSERT (((_vector_spacing == 0x0) || (SIZEOF (.vector_61) <= (_vector_spacing << 0x5))), function at exception vector 61 too large)

.vector_62      0x000000009d0069c0        0x0
 *(.vector_62)
                0x0000000000000001                ASSERT (((_vector_spacing == 0x0) || (SIZEOF (.vector_62) <= (_vector_spacing << 0x5))), function at exception vector 62 too large)

.vector_63      0x000000009d0069e0        0x0
 *(.vector_63)
                0x0000000000000001                ASSERT (((_vector_spacing == 0x0) || (SIZEOF (.vector_63) <= (_vector_spacing << 0x5))), function at exception vector 63 too large)

.startup
 *(.startup)

.text
 *(.stub .gnu.linkonce.t.*)
 *(.text.*personality*)
 *(.mips16.fn.*)
 *(.mips16.call.*)
 *(.gnu.warning)

.rodata         0x000000009d007490       0xb8
 *(.rodata.* .gnu.linkonce.r.*)
 .rodata.str1.4
                0x000000009d007490        0x8 c:/users/12037/pic/bin/bin/../../lib/gcc/pic32mx/8.3.1/../../../../pic32mx/lib\libc-musl.a(__scan_fp.o)
 .rodata.str1.4
                0x000000009d007498       0x10 c:/users/12037/pic/bin/bin/../../lib/gcc/pic32mx/8.3.1/../../../../pic32mx/lib\libc-musl.a(floatscan.o)
 .rodata.cst8   0x000000009d0074a8       0x60 c:/users/12037/pic/bin/bin/../../lib/gcc/pic32mx/8.3.1/../../../../pic32mx/lib\libc-musl.a(floatscan.o)
 .rodata.str1.4
                0x000000009d007508        0x8 c:/users/12037/pic/bin/bin/../../lib/gcc/pic32mx/8.3.1/../../../../pic32mx/lib\libc-musl.a(__printf_core.o)
 .rodata.cst8   0x000000009d007510       0x20 c:/users/12037/pic/bin/bin/../../lib/gcc/pic32mx/8.3.1/../../../../pic32mx/lib\libm.a(support.o)
 .rodata.cst8   0x000000009d007530       0x10 c:/users/12037/pic/bin/bin/../../lib/gcc/pic32mx/8.3.1/../../../../pic32mx/lib\libm-musl.a(scalbn.o)
 .rodata.cst8   0x000000009d007540        0x8 c:/users/12037/pic/bin/bin/../../lib/gcc/pic32mx/8.3.1\libgcc.a(floatunsidf.o)
 *(.rodata1)
                0x000000009d007548                . = ALIGN (0x4)

.sdata2         0x000000009d007548        0x0
 *(.sdata2 .sdata2.* .gnu.linkonce.s2.*)
                0x000000009d007548                . = ALIGN (0x4)

.sbss2          0x000000009d007548        0x0
 *(.sbss2 .sbss2.* .gnu.linkonce.sb2.*)
                0x000000009d007548                . = ALIGN (0x4)

.eh_frame_hdr
 *(.eh_frame_hdr)

.eh_frame
 *(.eh_frame)

.dbg_data       0x00000000a0000000        0x0
                0x00000000a0000000                . = (. + DEFINED (_DEBUGGER)?0x200:0x0)

.persist        0x00000000a0000000        0x0
                0x00000000a0000000                _persist_begin = .
 *(.persist .persist.*)
                0x00000000a0000000                . = ALIGN (0x4)
                0x00000000a0000000                _persist_end = .

.eh_frame
 *(.eh_frame)
                0x00000000a0000000                . = .
                0x00000000a0007ff0                _gp = (ALIGN (0x10) + 0x7ff0)

.got
 *(.got.plt)
 *(.got)

.sdata          0x00000000a0000000        0x4
                0x00000000a0000000                _sdata_begin = .
 *(.sdata .sdata.* .gnu.linkonce.s.*)
 .sdata         0x00000000a0000000        0x4 c:/users/12037/pic/bin/bin/../../lib/gcc/pic32mx/8.3.1/../../../../pic32mx/lib\libpic32.a(xc32_uart.o)
                0x00000000a0000000                __XC_UART
                0x00000000a0000004                _sdata_end = .

.lit8
 *(.lit8)

.lit4
 *(.lit4)
                0x00000000a0000004                . = ALIGN (0x4)
                0x00000000a0000004                _data_end = .
                0x00000000a0000004                _bss_begin = .

.sbss           0x00000000a0000004        0x0
                0x00000000a0000004                _sbss_begin = .
 *(.dynsbss)
 *(.sbss .sbss.* .gnu.linkonce.sb.*)
 *(.scommon)
                0x00000000a0000004                _sbss_end = .

.bss            0x00000000a0000004        0x0
 *(.dynbss)
 *(COMMON)
                0x00000000a0000004                . = ALIGN (0x4)
                0x00000000a0000004                . = ALIGN (0x4)
                0x00000000a0000004                _end = .
                0x00000000a0000004                _bss_end = .
                0x0000000000010000                _bmxdudba_address = LENGTH (kseg1_data_mem)
                0x0000000000010000                _bmxdupba_address = LENGTH (kseg1_data_mem)

/DISCARD/
 *(.pdr)
 *(.reginfo)
 *(.rel.dyn)
 *(.note.GNU-stack)
 *(.note.GNU-stack)
 *(.gnu_debuglink)
 *(.gnu.lto_*)
 *(.discard)

.stab
 *(.stab)

.stabstr
 *(.stabstr)

.stab.excl
 *(.stab.excl)

.stab.exclstr
 *(.stab.exclstr)

.stab.index
 *(.stab.index)

.stab.indexstr
 *(.stab.indexstr)

.comment        0x0000000000000000       0x76
 *(.comment)
 .comment       0x0000000000000000       0x2b build/default/production/nu32dip.o
                                         0x2c (size before relaxing)
 .comment       0x000000000000002b       0x2c build/default/production/template.o
 .comment       0x000000000000002b       0x2c c:/users/12037/pic/bin/bin/../../lib/gcc/pic32mx/8.3.1/../../../../pic32mx/lib\libpic32.a(default-bootstrap-exception-handler.o)
 .comment       0x000000000000002b       0x2c c:/users/12037/pic/bin/bin/../../lib/gcc/pic32mx/8.3.1/../../../../pic32mx/lib\libpic32.a(default-on-reset.o)
 .comment       0x000000000000002b       0x2c c:/users/12037/pic/bin/bin/../../lib/gcc/pic32mx/8.3.1/../../../../pic32mx/lib\libpic32.a(default-on-bootstrap.o)
 .comment       0x000000000000002b       0x2c c:/users/12037/pic/bin/bin/../../lib/gcc/pic32mx/8.3.1/../../../../pic32mx/lib\libpic32.a(default-general-exception-handler.o)
 .comment       0x000000000000002b       0x2c c:/users/12037/pic/bin/bin/../../lib/gcc/pic32mx/8.3.1/../../../../pic32mx/lib\libpic32.a(defaultinterrupt.o)
 .comment       0x000000000000002b       0x2c c:/users/12037/pic/bin/bin/../../lib/gcc/pic32mx/8.3.1/../../../../pic32mx/lib\libc-musl.a(__sio_sscanf_dfoux.o)
 .comment       0x000000000000002b       0x2c c:/users/12037/pic/bin/bin/../../lib/gcc/pic32mx/8.3.1/../../../../pic32mx/lib\libc-musl.a(__scan_d.o)
 .comment       0x000000000000002b       0x2c c:/users/12037/pic/bin/bin/../../lib/gcc/pic32mx/8.3.1/../../../../pic32mx/lib\libc-musl.a(__scan_fp.o)
 .comment       0x000000000000002b       0x2c c:/users/12037/pic/bin/bin/../../lib/gcc/pic32mx/8.3.1/../../../../pic32mx/lib\libc-musl.a(__scan_i.o)
 .comment       0x000000000000002b       0x2c c:/users/12037/pic/bin/bin/../../lib/gcc/pic32mx/8.3.1/../../../../pic32mx/lib\libc-musl.a(__scan_o.o)
 .comment       0x000000000000002b       0x2c c:/users/12037/pic/bin/bin/../../lib/gcc/pic32mx/8.3.1/../../../../pic32mx/lib\libc-musl.a(__scan_s.o)
 .comment       0x000000000000002b       0x2c c:/users/12037/pic/bin/bin/../../lib/gcc/pic32mx/8.3.1/../../../../pic32mx/lib\libc-musl.a(__scan_u.o)
 .comment       0x000000000000002b       0x2c c:/users/12037/pic/bin/bin/../../lib/gcc/pic32mx/8.3.1/../../../../pic32mx/lib\libc-musl.a(__scan_x.o)
 .comment       0x000000000000002b       0x2c c:/users/12037/pic/bin/bin/../../lib/gcc/pic32mx/8.3.1/../../../../pic32mx/lib\libc-musl.a(__scanf_core.o)
 .comment       0x000000000000002b       0x2c c:/users/12037/pic/bin/bin/../../lib/gcc/pic32mx/8.3.1/../../../../pic32mx/lib\libc-musl.a(atoi.o)
 .comment       0x000000000000002b       0x2c c:/users/12037/pic/bin/bin/../../lib/gcc/pic32mx/8.3.1/../../../../pic32mx/lib\libc-musl.a(strtod.o)
 .comment       0x000000000000002b       0x2c c:/users/12037/pic/bin/bin/../../lib/gcc/pic32mx/8.3.1/../../../../pic32mx/lib\libc-musl.a(strtol.o)
 .comment       0x000000000000002b       0x2c c:/users/12037/pic/bin/bin/../../lib/gcc/pic32mx/8.3.1/../../../../pic32mx/lib\libc-musl.a(memset.o)
 .comment       0x000000000000002b       0x2c c:/users/12037/pic/bin/bin/../../lib/gcc/pic32mx/8.3.1/../../../../pic32mx/lib\libc-musl.a(isxdigit.o)
 .comment       0x000000000000002b       0x2c c:/users/12037/pic/bin/bin/../../lib/gcc/pic32mx/8.3.1/../../../../pic32mx/lib\libc-musl.a(tolower.o)
 .comment       0x000000000000002b       0x2c c:/users/12037/pic/bin/bin/../../lib/gcc/pic32mx/8.3.1/../../../../pic32mx/lib\libc-musl.a(floatscan.o)
 .comment       0x000000000000002b       0x2c c:/users/12037/pic/bin/bin/../../lib/gcc/pic32mx/8.3.1/../../../../pic32mx/lib\libc-musl.a(intscan.o)
 .comment       0x000000000000002b       0x2c c:/users/12037/pic/bin/bin/../../lib/gcc/pic32mx/8.3.1/../../../../pic32mx/lib\libc-musl.a(shgetc.o)
 .comment       0x000000000000002b       0x2c c:/users/12037/pic/bin/bin/../../lib/gcc/pic32mx/8.3.1/../../../../pic32mx/lib\libc-musl.a(__int_vsscanf.o)
 .comment       0x000000000000002b       0x2c c:/users/12037/pic/bin/bin/../../lib/gcc/pic32mx/8.3.1/../../../../pic32mx/lib\libc-musl.a(__string_read.o)
 .comment       0x000000000000002b       0x2c c:/users/12037/pic/bin/bin/../../lib/gcc/pic32mx/8.3.1/../../../../pic32mx/lib\libc-musl.a(__uflow.o)
 .comment       0x000000000000002b       0x2c c:/users/12037/pic/bin/bin/../../lib/gcc/pic32mx/8.3.1/../../../../pic32mx/lib\libc-musl.a(__io_rw_needed.o)
 .comment       0x000000000000002b       0x2c c:/users/12037/pic/bin/bin/../../lib/gcc/pic32mx/8.3.1/../../../../pic32mx/lib\libc-musl.a(__printf_core.o)
 .comment       0x000000000000002b       0x2c c:/users/12037/pic/bin/bin/../../lib/gcc/pic32mx/8.3.1/../../../../pic32mx/lib\libc-musl.a(__push_float.o)
 .comment       0x000000000000002b       0x2c c:/users/12037/pic/bin/bin/../../lib/gcc/pic32mx/8.3.1/../../../../pic32mx/lib\libc-musl.a(__push_int.o)
 .comment       0x000000000000002b       0x2c c:/users/12037/pic/bin/bin/../../lib/gcc/pic32mx/8.3.1/../../../../pic32mx/lib\libc-musl.a(__towrite_rw.o)
 .comment       0x000000000000002b       0x2c c:/users/12037/pic/bin/bin/../../lib/gcc/pic32mx/8.3.1/../../../../pic32mx/lib\libc-musl.a(memchr.o)
 .comment       0x000000000000002b       0x2c c:/users/12037/pic/bin/bin/../../lib/gcc/pic32mx/8.3.1/../../../../pic32mx/lib\libc-musl.a(memcpy.o)
 .comment       0x000000000000002b       0x2c c:/users/12037/pic/bin/bin/../../lib/gcc/pic32mx/8.3.1/../../../../pic32mx/lib\libc-musl.a(__int_vfscanf.o)
 .comment       0x000000000000002b       0x2c c:/users/12037/pic/bin/bin/../../lib/gcc/pic32mx/8.3.1/../../../../pic32mx/lib\libc-musl.a(__toread.o)
 .comment       0x000000000000002b       0x2c c:/users/12037/pic/bin/bin/../../lib/gcc/pic32mx/8.3.1/../../../../pic32mx/lib\libc-musl.a(__fopen_rw.o)
 .comment       0x000000000000002b       0x2c c:/users/12037/pic/bin/bin/../../lib/gcc/pic32mx/8.3.1/../../../../pic32mx/lib\libc-musl.a(__ftello_rw.o)
 .comment       0x000000000000002b       0x2c c:/users/12037/pic/bin/bin/../../lib/gcc/pic32mx/8.3.1/../../../../pic32mx/lib\libc-musl.a(__io_buf_needed.o)
 .comment       0x000000000000002b       0x2c c:/users/12037/pic/bin/bin/../../lib/gcc/pic32mx/8.3.1/../../../../pic32mx/lib\libc-musl.a(__io_file_needed.o)
 .comment       0x000000000000002b       0x2c c:/users/12037/pic/bin/bin/../../lib/gcc/pic32mx/8.3.1/../../../../pic32mx/lib\libc-musl.a(__io_std_needed.o)
 .comment       0x000000000000002b       0x2c c:/users/12037/pic/bin/bin/../../lib/gcc/pic32mx/8.3.1/../../../../pic32mx/lib\libc-musl.a(__out.o)
 .comment       0x000000000000002b       0x2c c:/users/12037/pic/bin/bin/../../lib/gcc/pic32mx/8.3.1/../../../../pic32mx/lib\libc-musl.a(__pop_float.o)
 .comment       0x000000000000002b       0x2c c:/users/12037/pic/bin/bin/../../lib/gcc/pic32mx/8.3.1/../../../../pic32mx/lib\libc-musl.a(__pop_int.o)
 .comment       0x000000000000002b       0x2c c:/users/12037/pic/bin/bin/../../lib/gcc/pic32mx/8.3.1/../../../../pic32mx/lib\libc-musl.a(__pop_ptr.o)
 .comment       0x000000000000002b       0x2c c:/users/12037/pic/bin/bin/../../lib/gcc/pic32mx/8.3.1/../../../../pic32mx/lib\libc-musl.a(__putc.o)
 .comment       0x000000000000002b       0x2c c:/users/12037/pic/bin/bin/../../lib/gcc/pic32mx/8.3.1/../../../../pic32mx/lib\libc-musl.a(__stderr.o)
 .comment       0x000000000000002b       0x2c c:/users/12037/pic/bin/bin/../../lib/gcc/pic32mx/8.3.1/../../../../pic32mx/lib\libc-musl.a(__stdio_close.o)
 .comment       0x000000000000002b       0x2c c:/users/12037/pic/bin/bin/../../lib/gcc/pic32mx/8.3.1/../../../../pic32mx/lib\libc-musl.a(__stdio_exit.o)
 .comment       0x000000000000002b       0x2c c:/users/12037/pic/bin/bin/../../lib/gcc/pic32mx/8.3.1/../../../../pic32mx/lib\libc-musl.a(__stdio_read.o)
 .comment       0x000000000000002b       0x2c c:/users/12037/pic/bin/bin/../../lib/gcc/pic32mx/8.3.1/../../../../pic32mx/lib\libc-musl.a(__stdio_seek.o)
 .comment       0x000000000000002b       0x2c c:/users/12037/pic/bin/bin/../../lib/gcc/pic32mx/8.3.1/../../../../pic32mx/lib\libc-musl.a(__stdout.o)
 .comment       0x000000000000002b       0x2c c:/users/12037/pic/bin/bin/../../lib/gcc/pic32mx/8.3.1/../../../../pic32mx/lib\libc-musl.a(putc.o)
 .comment       0x000000000000002b       0x2c c:/users/12037/pic/bin/bin/../../lib/gcc/pic32mx/8.3.1/../../../../pic32mx/lib\libc-musl.a(readv.o)
 .comment       0x000000000000002b       0x2c c:/users/12037/pic/bin/bin/../../lib/gcc/pic32mx/8.3.1/../../../../pic32mx/lib\libc-musl.a(malloc.o)
 .comment       0x000000000000002b       0x2c c:/users/12037/pic/bin/bin/../../lib/gcc/pic32mx/8.3.1/../../../../pic32mx/lib\libc-musl.a(expand_heap.o)
 .comment       0x000000000000002b       0x2c c:/users/12037/pic/bin/bin/../../lib/gcc/pic32mx/8.3.1/../../../../pic32mx/lib\libc-musl.a(__overflow.o)
 .comment       0x000000000000002b       0x2c c:/users/12037/pic/bin/bin/../../lib/gcc/pic32mx/8.3.1/../../../../pic32mx/lib\libc-musl.a(__fclose.o)
 .comment       0x000000000000002b       0x2c c:/users/12037/pic/bin/bin/../../lib/gcc/pic32mx/8.3.1/../../../../pic32mx/lib\libc-musl.a(__fopen.o)
 .comment       0x000000000000002b       0x2c c:/users/12037/pic/bin/bin/../../lib/gcc/pic32mx/8.3.1/../../../../pic32mx/lib\libc-musl.a(__fseeko.o)
 .comment       0x000000000000002b       0x2c c:/users/12037/pic/bin/bin/../../lib/gcc/pic32mx/8.3.1/../../../../pic32mx/lib\libc-musl.a(__ftello.o)
 .comment       0x000000000000002b       0x2c c:/users/12037/pic/bin/bin/../../lib/gcc/pic32mx/8.3.1/../../../../pic32mx/lib\libc-musl.a(__fwrite.o)
 .comment       0x000000000000002b       0x2c c:/users/12037/pic/bin/bin/../../lib/gcc/pic32mx/8.3.1/../../../../pic32mx/lib\libc-musl.a(__io_init_needed.o)
 .comment       0x000000000000002b       0x2c c:/users/12037/pic/bin/bin/../../lib/gcc/pic32mx/8.3.1/../../../../pic32mx/lib\libc-musl.a(__towrite.o)
 .comment       0x000000000000002b       0x2c c:/users/12037/pic/bin/bin/../../lib/gcc/pic32mx/8.3.1/../../../../pic32mx/lib\libc-musl.a(libc.o)
 .comment       0x000000000000002b       0x2c c:/users/12037/pic/bin/bin/../../lib/gcc/pic32mx/8.3.1/../../../../pic32mx/lib\libc-musl.a(__init_stdio.o)
 .comment       0x000000000000002b       0x2c c:/users/12037/pic/bin/bin/../../lib/gcc/pic32mx/8.3.1/../../../../pic32mx/lib\libm.a(support.o)
 .comment       0x000000000000002b       0x2c c:/users/12037/pic/bin/bin/../../lib/gcc/pic32mx/8.3.1/../../../../pic32mx/lib\libm-musl.a(fabsl.o)
 .comment       0x000000000000002b       0x2c c:/users/12037/pic/bin/bin/../../lib/gcc/pic32mx/8.3.1/../../../../pic32mx/lib\libm-musl.a(scalbn.o)
 .comment       0x000000000000002b       0x2c c:/users/12037/pic/bin/bin/../../lib/gcc/pic32mx/8.3.1/../../../../pic32mx/lib\libm-musl.a(scalbnl.o)
 .comment       0x000000000000002b       0x2c c:/users/12037/pic/bin/bin/../../lib/gcc/pic32mx/8.3.1/../../../../pic32mx/lib\libm-musl.a(fabs.o)
 .comment       0x000000000000002b       0x2c c:/users/12037/pic/bin/bin/../../lib/gcc/pic32mx/8.3.1\libgcc.a(_lshrdi3.o)
 .comment       0x000000000000002b       0x2c c:/users/12037/pic/bin/bin/../../lib/gcc/pic32mx/8.3.1\libgcc.a(_ashldi3.o)
 .comment       0x000000000000002b       0x2c c:/users/12037/pic/bin/bin/../../lib/gcc/pic32mx/8.3.1\libgcc.a(_divdi3.o)
 .comment       0x000000000000002b       0x2c c:/users/12037/pic/bin/bin/../../lib/gcc/pic32mx/8.3.1\libgcc.a(_moddi3.o)
 .comment       0x000000000000002b       0x2c c:/users/12037/pic/bin/bin/../../lib/gcc/pic32mx/8.3.1\libgcc.a(_udivdi3.o)
 .comment       0x000000000000002b       0x2c c:/users/12037/pic/bin/bin/../../lib/gcc/pic32mx/8.3.1\libgcc.a(_umoddi3.o)
 .comment       0x000000000000002b       0x2c c:/users/12037/pic/bin/bin/../../lib/gcc/pic32mx/8.3.1\libgcc.a(floatunsidf.o)
 .comment       0x000000000000002b       0x4b c:/users/12037/pic/bin/bin/../../lib/gcc/pic32mx/8.3.1/../../../../pic32mx/lib\libpic32.a(sbrk.o)
                                         0x77 (size before relaxing)
 .comment       0x0000000000000076       0x2c c:/users/12037/pic/bin/bin/../../lib/gcc/pic32mx/8.3.1/../../../../pic32mx/lib\libpic32.a(read.o)
 .comment       0x0000000000000076       0x2c c:/users/12037/pic/bin/bin/../../lib/gcc/pic32mx/8.3.1/../../../../pic32mx/lib\libpic32.a(write.o)
 .comment       0x0000000000000076       0x2c c:/users/12037/pic/bin/bin/../../lib/gcc/pic32mx/8.3.1/../../../../pic32mx/lib\libpic32.a(lseek.o)
 .comment       0x0000000000000076       0x2c c:/users/12037/pic/bin/bin/../../lib/gcc/pic32mx/8.3.1/../../../../pic32mx/lib\libpic32.a(close.o)
 .comment       0x0000000000000076       0x2c c:/users/12037/pic/bin/bin/../../lib/gcc/pic32mx/8.3.1/../../../../pic32mx/lib\libpic32.a(xc32_uart.o)
 .comment       0x0000000000000076       0x2c c:/users/12037/pic/bin/bin/../../lib/gcc/pic32mx/8.3.1/../../../../pic32mx/lib\libpic32.a(errno.o)
 .comment       0x0000000000000076       0x2c c:/users/12037/pic/bin/bin/../../lib/gcc/pic32mx/8.3.1/../../../../pic32mx/lib\libpic32.a(_mon_putc.o)

.debug
 *(.debug)

.line
 *(.line)

.debug_srcinfo
 *(.debug_srcinfo)

.debug_sfnames
 *(.debug_sfnames)

.debug_aranges  0x0000000000000000      0xce8
 *(.debug_aranges)
 .debug_aranges
                0x0000000000000000       0x20 build/default/production/nu32dip.o
 .debug_aranges
                0x0000000000000020       0x20 build/default/production/template.o
 .debug_aranges
                0x0000000000000040       0x20 c:/users/12037/pic/bin/bin/../../lib/gcc/pic32mx/8.3.1/../../../../pic32mx/lib\libpic32.a(default-bootstrap-exception-handler.o)
 .debug_aranges
                0x0000000000000060       0x20 c:/users/12037/pic/bin/bin/../../lib/gcc/pic32mx/8.3.1/../../../../pic32mx/lib\libpic32.a(default-on-reset.o)
 .debug_aranges
                0x0000000000000080       0x20 c:/users/12037/pic/bin/bin/../../lib/gcc/pic32mx/8.3.1/../../../../pic32mx/lib\libpic32.a(default-on-bootstrap.o)
 .debug_aranges
                0x00000000000000a0       0x20 c:/users/12037/pic/bin/bin/../../lib/gcc/pic32mx/8.3.1/../../../../pic32mx/lib\libpic32.a(default-general-exception-handler.o)
 .debug_aranges
                0x00000000000000c0       0x20 c:/users/12037/pic/bin/bin/../../lib/gcc/pic32mx/8.3.1/../../../../pic32mx/lib\libpic32.a(defaultinterrupt.o)
 .debug_aranges
                0x00000000000000e0       0x28 c:/users/12037/pic/bin/bin/../../lib/gcc/pic32mx/8.3.1/../../../../pic32mx/lib\libc-musl.a(__sio_sscanf_dfoux.o)
 .debug_aranges
                0x0000000000000108       0x30 c:/users/12037/pic/bin/bin/../../lib/gcc/pic32mx/8.3.1/../../../../pic32mx/lib\libc-musl.a(__scan_d.o)
 .debug_aranges
                0x0000000000000138       0x20 c:/users/12037/pic/bin/bin/../../lib/gcc/pic32mx/8.3.1/../../../../pic32mx/lib\libc-musl.a(__scan_fp.o)
 .debug_aranges
                0x0000000000000158       0x20 c:/users/12037/pic/bin/bin/../../lib/gcc/pic32mx/8.3.1/../../../../pic32mx/lib\libc-musl.a(__scan_i.o)
 .debug_aranges
                0x0000000000000178       0x20 c:/users/12037/pic/bin/bin/../../lib/gcc/pic32mx/8.3.1/../../../../pic32mx/lib\libc-musl.a(__scan_o.o)
 .debug_aranges
                0x0000000000000198       0x20 c:/users/12037/pic/bin/bin/../../lib/gcc/pic32mx/8.3.1/../../../../pic32mx/lib\libc-musl.a(__scan_s.o)
 .debug_aranges
                0x00000000000001b8       0x20 c:/users/12037/pic/bin/bin/../../lib/gcc/pic32mx/8.3.1/../../../../pic32mx/lib\libc-musl.a(__scan_u.o)
 .debug_aranges
                0x00000000000001d8       0x20 c:/users/12037/pic/bin/bin/../../lib/gcc/pic32mx/8.3.1/../../../../pic32mx/lib\libc-musl.a(__scan_x.o)
 .debug_aranges
                0x00000000000001f8       0x48 c:/users/12037/pic/bin/bin/../../lib/gcc/pic32mx/8.3.1/../../../../pic32mx/lib\libc-musl.a(__scanf_core.o)
 .debug_aranges
                0x0000000000000240       0x20 c:/users/12037/pic/bin/bin/../../lib/gcc/pic32mx/8.3.1/../../../../pic32mx/lib\libc-musl.a(atoi.o)
 .debug_aranges
                0x0000000000000260       0x38 c:/users/12037/pic/bin/bin/../../lib/gcc/pic32mx/8.3.1/../../../../pic32mx/lib\libc-musl.a(strtod.o)
 .debug_aranges
                0x0000000000000298       0x50 c:/users/12037/pic/bin/bin/../../lib/gcc/pic32mx/8.3.1/../../../../pic32mx/lib\libc-musl.a(strtol.o)
 .debug_aranges
                0x00000000000002e8       0x20 c:/users/12037/pic/bin/bin/../../lib/gcc/pic32mx/8.3.1/../../../../pic32mx/lib\libc-musl.a(memset.o)
 .debug_aranges
                0x0000000000000308       0x28 c:/users/12037/pic/bin/bin/../../lib/gcc/pic32mx/8.3.1/../../../../pic32mx/lib\libc-musl.a(isxdigit.o)
 .debug_aranges
                0x0000000000000330       0x28 c:/users/12037/pic/bin/bin/../../lib/gcc/pic32mx/8.3.1/../../../../pic32mx/lib\libc-musl.a(tolower.o)
 .debug_aranges
                0x0000000000000358       0x30 c:/users/12037/pic/bin/bin/../../lib/gcc/pic32mx/8.3.1/../../../../pic32mx/lib\libc-musl.a(floatscan.o)
 .debug_aranges
                0x0000000000000388       0x20 c:/users/12037/pic/bin/bin/../../lib/gcc/pic32mx/8.3.1/../../../../pic32mx/lib\libc-musl.a(intscan.o)
 .debug_aranges
                0x00000000000003a8       0x28 c:/users/12037/pic/bin/bin/../../lib/gcc/pic32mx/8.3.1/../../../../pic32mx/lib\libc-musl.a(shgetc.o)
 .debug_aranges
                0x00000000000003d0       0x28 c:/users/12037/pic/bin/bin/../../lib/gcc/pic32mx/8.3.1/../../../../pic32mx/lib\libc-musl.a(__int_vsscanf.o)
 .debug_aranges
                0x00000000000003f8       0x20 c:/users/12037/pic/bin/bin/../../lib/gcc/pic32mx/8.3.1/../../../../pic32mx/lib\libc-musl.a(__string_read.o)
 .debug_aranges
                0x0000000000000418       0x20 c:/users/12037/pic/bin/bin/../../lib/gcc/pic32mx/8.3.1/../../../../pic32mx/lib\libc-musl.a(__uflow.o)
 .debug_aranges
                0x0000000000000438       0x20 c:/users/12037/pic/bin/bin/../../lib/gcc/pic32mx/8.3.1/../../../../pic32mx/lib\libc-musl.a(__io_rw_needed.o)
 .debug_aranges
                0x0000000000000458       0x50 c:/users/12037/pic/bin/bin/../../lib/gcc/pic32mx/8.3.1/../../../../pic32mx/lib\libc-musl.a(__printf_core.o)
 .debug_aranges
                0x00000000000004a8       0x20 c:/users/12037/pic/bin/bin/../../lib/gcc/pic32mx/8.3.1/../../../../pic32mx/lib\libc-musl.a(__push_float.o)
 .debug_aranges
                0x00000000000004c8       0x20 c:/users/12037/pic/bin/bin/../../lib/gcc/pic32mx/8.3.1/../../../../pic32mx/lib\libc-musl.a(__push_int.o)
 .debug_aranges
                0x00000000000004e8       0x20 c:/users/12037/pic/bin/bin/../../lib/gcc/pic32mx/8.3.1/../../../../pic32mx/lib\libc-musl.a(__towrite_rw.o)
 .debug_aranges
                0x0000000000000508       0x20 c:/users/12037/pic/bin/bin/../../lib/gcc/pic32mx/8.3.1/../../../../pic32mx/lib\libc-musl.a(memchr.o)
 .debug_aranges
                0x0000000000000528       0x20 c:/users/12037/pic/bin/bin/../../lib/gcc/pic32mx/8.3.1/../../../../pic32mx/lib\libc-musl.a(memcpy.o)
 .debug_aranges
                0x0000000000000548       0x20 c:/users/12037/pic/bin/bin/../../lib/gcc/pic32mx/8.3.1/../../../../pic32mx/lib\libc-musl.a(__int_vfscanf.o)
 .debug_aranges
                0x0000000000000568       0x28 c:/users/12037/pic/bin/bin/../../lib/gcc/pic32mx/8.3.1/../../../../pic32mx/lib\libc-musl.a(__toread.o)
 .debug_aranges
                0x0000000000000590       0x20 c:/users/12037/pic/bin/bin/../../lib/gcc/pic32mx/8.3.1/../../../../pic32mx/lib\libc-musl.a(__fopen_rw.o)
 .debug_aranges
                0x00000000000005b0       0x20 c:/users/12037/pic/bin/bin/../../lib/gcc/pic32mx/8.3.1/../../../../pic32mx/lib\libc-musl.a(__ftello_rw.o)
 .debug_aranges
                0x00000000000005d0       0x20 c:/users/12037/pic/bin/bin/../../lib/gcc/pic32mx/8.3.1/../../../../pic32mx/lib\libc-musl.a(__io_buf_needed.o)
 .debug_aranges
                0x00000000000005f0       0x20 c:/users/12037/pic/bin/bin/../../lib/gcc/pic32mx/8.3.1/../../../../pic32mx/lib\libc-musl.a(__io_file_needed.o)
 .debug_aranges
                0x0000000000000610       0x20 c:/users/12037/pic/bin/bin/../../lib/gcc/pic32mx/8.3.1/../../../../pic32mx/lib\libc-musl.a(__io_std_needed.o)
 .debug_aranges
                0x0000000000000630       0x28 c:/users/12037/pic/bin/bin/../../lib/gcc/pic32mx/8.3.1/../../../../pic32mx/lib\libc-musl.a(__out.o)
 .debug_aranges
                0x0000000000000658       0x20 c:/users/12037/pic/bin/bin/../../lib/gcc/pic32mx/8.3.1/../../../../pic32mx/lib\libc-musl.a(__pop_float.o)
 .debug_aranges
                0x0000000000000678       0x20 c:/users/12037/pic/bin/bin/../../lib/gcc/pic32mx/8.3.1/../../../../pic32mx/lib\libc-musl.a(__pop_int.o)
 .debug_aranges
                0x0000000000000698       0x20 c:/users/12037/pic/bin/bin/../../lib/gcc/pic32mx/8.3.1/../../../../pic32mx/lib\libc-musl.a(__pop_ptr.o)
 .debug_aranges
                0x00000000000006b8       0x20 c:/users/12037/pic/bin/bin/../../lib/gcc/pic32mx/8.3.1/../../../../pic32mx/lib\libc-musl.a(__putc.o)
 .debug_aranges
                0x00000000000006d8       0x30 c:/users/12037/pic/bin/bin/../../lib/gcc/pic32mx/8.3.1/../../../../pic32mx/lib\libc-musl.a(__stderr.o)
 .debug_aranges
                0x0000000000000708       0x28 c:/users/12037/pic/bin/bin/../../lib/gcc/pic32mx/8.3.1/../../../../pic32mx/lib\libc-musl.a(__stdio_close.o)
 .debug_aranges
                0x0000000000000730       0x30 c:/users/12037/pic/bin/bin/../../lib/gcc/pic32mx/8.3.1/../../../../pic32mx/lib\libc-musl.a(__stdio_exit.o)
 .debug_aranges
                0x0000000000000760       0x20 c:/users/12037/pic/bin/bin/../../lib/gcc/pic32mx/8.3.1/../../../../pic32mx/lib\libc-musl.a(__stdio_read.o)
 .debug_aranges
                0x0000000000000780       0x30 c:/users/12037/pic/bin/bin/../../lib/gcc/pic32mx/8.3.1/../../../../pic32mx/lib\libc-musl.a(__stdio_seek.o)
 .debug_aranges
                0x00000000000007b0       0x30 c:/users/12037/pic/bin/bin/../../lib/gcc/pic32mx/8.3.1/../../../../pic32mx/lib\libc-musl.a(__stdout.o)
 .debug_aranges
                0x00000000000007e0       0x30 c:/users/12037/pic/bin/bin/../../lib/gcc/pic32mx/8.3.1/../../../../pic32mx/lib\libc-musl.a(putc.o)
 .debug_aranges
                0x0000000000000810       0x20 c:/users/12037/pic/bin/bin/../../lib/gcc/pic32mx/8.3.1/../../../../pic32mx/lib\libc-musl.a(readv.o)
 .debug_aranges
                0x0000000000000830       0x70 c:/users/12037/pic/bin/bin/../../lib/gcc/pic32mx/8.3.1/../../../../pic32mx/lib\libc-musl.a(malloc.o)
 .debug_aranges
                0x00000000000008a0       0x20 c:/users/12037/pic/bin/bin/../../lib/gcc/pic32mx/8.3.1/../../../../pic32mx/lib\libc-musl.a(expand_heap.o)
 .debug_aranges
                0x00000000000008c0       0x20 c:/users/12037/pic/bin/bin/../../lib/gcc/pic32mx/8.3.1/../../../../pic32mx/lib\libc-musl.a(__overflow.o)
 .debug_aranges
                0x00000000000008e0       0x20 c:/users/12037/pic/bin/bin/../../lib/gcc/pic32mx/8.3.1/../../../../pic32mx/lib\libc-musl.a(__fclose.o)
 .debug_aranges
                0x0000000000000900       0x30 c:/users/12037/pic/bin/bin/../../lib/gcc/pic32mx/8.3.1/../../../../pic32mx/lib\libc-musl.a(__fopen.o)
 .debug_aranges
                0x0000000000000930       0x20 c:/users/12037/pic/bin/bin/../../lib/gcc/pic32mx/8.3.1/../../../../pic32mx/lib\libc-musl.a(__fseeko.o)
 .debug_aranges
                0x0000000000000950       0x28 c:/users/12037/pic/bin/bin/../../lib/gcc/pic32mx/8.3.1/../../../../pic32mx/lib\libc-musl.a(__ftello.o)
 .debug_aranges
                0x0000000000000978       0x28 c:/users/12037/pic/bin/bin/../../lib/gcc/pic32mx/8.3.1/../../../../pic32mx/lib\libc-musl.a(__fwrite.o)
 .debug_aranges
                0x00000000000009a0       0x28 c:/users/12037/pic/bin/bin/../../lib/gcc/pic32mx/8.3.1/../../../../pic32mx/lib\libc-musl.a(__io_init_needed.o)
 .debug_aranges
                0x00000000000009c8       0x28 c:/users/12037/pic/bin/bin/../../lib/gcc/pic32mx/8.3.1/../../../../pic32mx/lib\libc-musl.a(__towrite.o)
 .debug_aranges
                0x00000000000009f0       0x18 c:/users/12037/pic/bin/bin/../../lib/gcc/pic32mx/8.3.1/../../../../pic32mx/lib\libc-musl.a(libc.o)
 .debug_aranges
                0x0000000000000a08       0x28 c:/users/12037/pic/bin/bin/../../lib/gcc/pic32mx/8.3.1/../../../../pic32mx/lib\libc-musl.a(__init_stdio.o)
 .debug_aranges
                0x0000000000000a30       0x78 c:/users/12037/pic/bin/bin/../../lib/gcc/pic32mx/8.3.1/../../../../pic32mx/lib\libm.a(support.o)
 .debug_aranges
                0x0000000000000aa8       0x20 c:/users/12037/pic/bin/bin/../../lib/gcc/pic32mx/8.3.1/../../../../pic32mx/lib\libm-musl.a(fabsl.o)
 .debug_aranges
                0x0000000000000ac8       0x20 c:/users/12037/pic/bin/bin/../../lib/gcc/pic32mx/8.3.1/../../../../pic32mx/lib\libm-musl.a(scalbn.o)
 .debug_aranges
                0x0000000000000ae8       0x20 c:/users/12037/pic/bin/bin/../../lib/gcc/pic32mx/8.3.1/../../../../pic32mx/lib\libm-musl.a(scalbnl.o)
 .debug_aranges
                0x0000000000000b08       0x20 c:/users/12037/pic/bin/bin/../../lib/gcc/pic32mx/8.3.1/../../../../pic32mx/lib\libm-musl.a(fabs.o)
 .debug_aranges
                0x0000000000000b28       0x20 c:/users/12037/pic/bin/bin/../../lib/gcc/pic32mx/8.3.1\libgcc.a(_lshrdi3.o)
 .debug_aranges
                0x0000000000000b48       0x20 c:/users/12037/pic/bin/bin/../../lib/gcc/pic32mx/8.3.1\libgcc.a(_ashldi3.o)
 .debug_aranges
                0x0000000000000b68       0x20 c:/users/12037/pic/bin/bin/../../lib/gcc/pic32mx/8.3.1\libgcc.a(_divdi3.o)
 .debug_aranges
                0x0000000000000b88       0x20 c:/users/12037/pic/bin/bin/../../lib/gcc/pic32mx/8.3.1\libgcc.a(_moddi3.o)
 .debug_aranges
                0x0000000000000ba8       0x20 c:/users/12037/pic/bin/bin/../../lib/gcc/pic32mx/8.3.1\libgcc.a(_udivdi3.o)
 .debug_aranges
                0x0000000000000bc8       0x20 c:/users/12037/pic/bin/bin/../../lib/gcc/pic32mx/8.3.1\libgcc.a(_umoddi3.o)
 .debug_aranges
                0x0000000000000be8       0x20 c:/users/12037/pic/bin/bin/../../lib/gcc/pic32mx/8.3.1\libgcc.a(floatunsidf.o)
 .debug_aranges
                0x0000000000000c08       0x40 c:/users/12037/pic/bin/bin/../../lib/gcc/pic32mx/8.3.1/../../../../pic32mx/lib\libpic32.a(sbrk.o)
 .debug_aranges
                0x0000000000000c48       0x20 c:/users/12037/pic/bin/bin/../../lib/gcc/pic32mx/8.3.1/../../../../pic32mx/lib\libpic32.a(read.o)
 .debug_aranges
                0x0000000000000c68       0x20 c:/users/12037/pic/bin/bin/../../lib/gcc/pic32mx/8.3.1/../../../../pic32mx/lib\libpic32.a(write.o)
 .debug_aranges
                0x0000000000000c88       0x20 c:/users/12037/pic/bin/bin/../../lib/gcc/pic32mx/8.3.1/../../../../pic32mx/lib\libpic32.a(lseek.o)
 .debug_aranges
                0x0000000000000ca8       0x20 c:/users/12037/pic/bin/bin/../../lib/gcc/pic32mx/8.3.1/../../../../pic32mx/lib\libpic32.a(close.o)
 .debug_aranges
                0x0000000000000cc8       0x20 c:/users/12037/pic/bin/bin/../../lib/gcc/pic32mx/8.3.1/../../../../pic32mx/lib\libpic32.a(_mon_putc.o)

.debug_pubnames
 *(.debug_pubnames)

.debug_info     0x0000000000000000    0x10867
 *(.debug_info .gnu.linkonce.wi.*)
 .debug_info    0x0000000000000000      0x9f6 build/default/production/nu32dip.o
 .debug_info    0x00000000000009f6      0x38e build/default/production/template.o
 .debug_info    0x0000000000000d84       0x41 c:/users/12037/pic/bin/bin/../../lib/gcc/pic32mx/8.3.1/../../../../pic32mx/lib\libpic32.a(default-bootstrap-exception-handler.o)
 .debug_info    0x0000000000000dc5       0x3f c:/users/12037/pic/bin/bin/../../lib/gcc/pic32mx/8.3.1/../../../../pic32mx/lib\libpic32.a(default-on-reset.o)
 .debug_info    0x0000000000000e04       0x3f c:/users/12037/pic/bin/bin/../../lib/gcc/pic32mx/8.3.1/../../../../pic32mx/lib\libpic32.a(default-on-bootstrap.o)
 .debug_info    0x0000000000000e43       0x41 c:/users/12037/pic/bin/bin/../../lib/gcc/pic32mx/8.3.1/../../../../pic32mx/lib\libpic32.a(default-general-exception-handler.o)
 .debug_info    0x0000000000000e84       0x40 c:/users/12037/pic/bin/bin/../../lib/gcc/pic32mx/8.3.1/../../../../pic32mx/lib\libpic32.a(defaultinterrupt.o)
 .debug_info    0x0000000000000ec4      0x1ca c:/users/12037/pic/bin/bin/../../lib/gcc/pic32mx/8.3.1/../../../../pic32mx/lib\libc-musl.a(__sio_sscanf_dfoux.o)
 .debug_info    0x000000000000108e      0x5da c:/users/12037/pic/bin/bin/../../lib/gcc/pic32mx/8.3.1/../../../../pic32mx/lib\libc-musl.a(__scan_d.o)
 .debug_info    0x0000000000001668      0x70c c:/users/12037/pic/bin/bin/../../lib/gcc/pic32mx/8.3.1/../../../../pic32mx/lib\libc-musl.a(__scan_fp.o)
 .debug_info    0x0000000000001d74      0x5fa c:/users/12037/pic/bin/bin/../../lib/gcc/pic32mx/8.3.1/../../../../pic32mx/lib\libc-musl.a(__scan_i.o)
 .debug_info    0x000000000000236e      0x51e c:/users/12037/pic/bin/bin/../../lib/gcc/pic32mx/8.3.1/../../../../pic32mx/lib\libc-musl.a(__scan_o.o)
 .debug_info    0x000000000000288c      0x4a3 c:/users/12037/pic/bin/bin/../../lib/gcc/pic32mx/8.3.1/../../../../pic32mx/lib\libc-musl.a(__scan_s.o)
 .debug_info    0x0000000000002d2f      0x2c9 c:/users/12037/pic/bin/bin/../../lib/gcc/pic32mx/8.3.1/../../../../pic32mx/lib\libc-musl.a(__scan_u.o)
 .debug_info    0x0000000000002ff8      0x591 c:/users/12037/pic/bin/bin/../../lib/gcc/pic32mx/8.3.1/../../../../pic32mx/lib\libc-musl.a(__scan_x.o)
 .debug_info    0x0000000000003589      0xb64 c:/users/12037/pic/bin/bin/../../lib/gcc/pic32mx/8.3.1/../../../../pic32mx/lib\libc-musl.a(__scanf_core.o)
 .debug_info    0x00000000000040ed       0xee c:/users/12037/pic/bin/bin/../../lib/gcc/pic32mx/8.3.1/../../../../pic32mx/lib\libc-musl.a(atoi.o)
 .debug_info    0x00000000000041db      0x53c c:/users/12037/pic/bin/bin/../../lib/gcc/pic32mx/8.3.1/../../../../pic32mx/lib\libc-musl.a(strtod.o)
 .debug_info    0x0000000000004717      0x6ec c:/users/12037/pic/bin/bin/../../lib/gcc/pic32mx/8.3.1/../../../../pic32mx/lib\libc-musl.a(strtol.o)
 .debug_info    0x0000000000004e03       0xba c:/users/12037/pic/bin/bin/../../lib/gcc/pic32mx/8.3.1/../../../../pic32mx/lib\libc-musl.a(memset.o)
 .debug_info    0x0000000000004ebd      0x128 c:/users/12037/pic/bin/bin/../../lib/gcc/pic32mx/8.3.1/../../../../pic32mx/lib\libc-musl.a(isxdigit.o)
 .debug_info    0x0000000000004fe5      0x11b c:/users/12037/pic/bin/bin/../../lib/gcc/pic32mx/8.3.1/../../../../pic32mx/lib\libc-musl.a(tolower.o)
 .debug_info    0x0000000000005100      0xd54 c:/users/12037/pic/bin/bin/../../lib/gcc/pic32mx/8.3.1/../../../../pic32mx/lib\libc-musl.a(floatscan.o)
 .debug_info    0x0000000000005e54      0x588 c:/users/12037/pic/bin/bin/../../lib/gcc/pic32mx/8.3.1/../../../../pic32mx/lib\libc-musl.a(intscan.o)
 .debug_info    0x00000000000063dc      0x391 c:/users/12037/pic/bin/bin/../../lib/gcc/pic32mx/8.3.1/../../../../pic32mx/lib\libc-musl.a(shgetc.o)
 .debug_info    0x000000000000676d      0x458 c:/users/12037/pic/bin/bin/../../lib/gcc/pic32mx/8.3.1/../../../../pic32mx/lib\libc-musl.a(__int_vsscanf.o)
 .debug_info    0x0000000000006bc5      0x3ec c:/users/12037/pic/bin/bin/../../lib/gcc/pic32mx/8.3.1/../../../../pic32mx/lib\libc-musl.a(__string_read.o)
 .debug_info    0x0000000000006fb1      0x373 c:/users/12037/pic/bin/bin/../../lib/gcc/pic32mx/8.3.1/../../../../pic32mx/lib\libc-musl.a(__uflow.o)
 .debug_info    0x0000000000007324       0xf4 c:/users/12037/pic/bin/bin/../../lib/gcc/pic32mx/8.3.1/../../../../pic32mx/lib\libc-musl.a(__io_rw_needed.o)
 .debug_info    0x0000000000007418      0x9ee c:/users/12037/pic/bin/bin/../../lib/gcc/pic32mx/8.3.1/../../../../pic32mx/lib\libc-musl.a(__printf_core.o)
 .debug_info    0x0000000000007e06      0x146 c:/users/12037/pic/bin/bin/../../lib/gcc/pic32mx/8.3.1/../../../../pic32mx/lib\libc-musl.a(__push_float.o)
 .debug_info    0x0000000000007f4c      0x166 c:/users/12037/pic/bin/bin/../../lib/gcc/pic32mx/8.3.1/../../../../pic32mx/lib\libc-musl.a(__push_int.o)
 .debug_info    0x00000000000080b2      0x323 c:/users/12037/pic/bin/bin/../../lib/gcc/pic32mx/8.3.1/../../../../pic32mx/lib\libc-musl.a(__towrite_rw.o)
 .debug_info    0x00000000000083d5       0xde c:/users/12037/pic/bin/bin/../../lib/gcc/pic32mx/8.3.1/../../../../pic32mx/lib\libc-musl.a(memchr.o)
 .debug_info    0x00000000000084b3       0xf1 c:/users/12037/pic/bin/bin/../../lib/gcc/pic32mx/8.3.1/../../../../pic32mx/lib\libc-musl.a(memcpy.o)
 .debug_info    0x00000000000085a4      0x3c6 c:/users/12037/pic/bin/bin/../../lib/gcc/pic32mx/8.3.1/../../../../pic32mx/lib\libc-musl.a(__int_vfscanf.o)
 .debug_info    0x000000000000896a      0x373 c:/users/12037/pic/bin/bin/../../lib/gcc/pic32mx/8.3.1/../../../../pic32mx/lib\libc-musl.a(__toread.o)
 .debug_info    0x0000000000008cdd      0x3d3 c:/users/12037/pic/bin/bin/../../lib/gcc/pic32mx/8.3.1/../../../../pic32mx/lib\libc-musl.a(__fopen_rw.o)
 .debug_info    0x00000000000090b0      0x341 c:/users/12037/pic/bin/bin/../../lib/gcc/pic32mx/8.3.1/../../../../pic32mx/lib\libc-musl.a(__ftello_rw.o)
 .debug_info    0x00000000000093f1      0x139 c:/users/12037/pic/bin/bin/../../lib/gcc/pic32mx/8.3.1/../../../../pic32mx/lib\libc-musl.a(__io_buf_needed.o)
 .debug_info    0x000000000000952a       0xaf c:/users/12037/pic/bin/bin/../../lib/gcc/pic32mx/8.3.1/../../../../pic32mx/lib\libc-musl.a(__io_file_needed.o)
 .debug_info    0x00000000000095d9      0x122 c:/users/12037/pic/bin/bin/../../lib/gcc/pic32mx/8.3.1/../../../../pic32mx/lib\libc-musl.a(__io_std_needed.o)
 .debug_info    0x00000000000096fb      0x29f c:/users/12037/pic/bin/bin/../../lib/gcc/pic32mx/8.3.1/../../../../pic32mx/lib\libc-musl.a(__out.o)
 .debug_info    0x000000000000999a      0x134 c:/users/12037/pic/bin/bin/../../lib/gcc/pic32mx/8.3.1/../../../../pic32mx/lib\libc-musl.a(__pop_float.o)
 .debug_info    0x0000000000009ace      0x14e c:/users/12037/pic/bin/bin/../../lib/gcc/pic32mx/8.3.1/../../../../pic32mx/lib\libc-musl.a(__pop_int.o)
 .debug_info    0x0000000000009c1c      0x15e c:/users/12037/pic/bin/bin/../../lib/gcc/pic32mx/8.3.1/../../../../pic32mx/lib\libc-musl.a(__pop_ptr.o)
 .debug_info    0x0000000000009d7a      0x284 c:/users/12037/pic/bin/bin/../../lib/gcc/pic32mx/8.3.1/../../../../pic32mx/lib\libc-musl.a(__putc.o)
 .debug_info    0x0000000000009ffe      0x398 c:/users/12037/pic/bin/bin/../../lib/gcc/pic32mx/8.3.1/../../../../pic32mx/lib\libc-musl.a(__stderr.o)
 .debug_info    0x000000000000a396      0x3f6 c:/users/12037/pic/bin/bin/../../lib/gcc/pic32mx/8.3.1/../../../../pic32mx/lib\libc-musl.a(__stdio_close.o)
 .debug_info    0x000000000000a78c      0x2cc c:/users/12037/pic/bin/bin/../../lib/gcc/pic32mx/8.3.1/../../../../pic32mx/lib\libc-musl.a(__stdio_exit.o)
 .debug_info    0x000000000000aa58      0x3e6 c:/users/12037/pic/bin/bin/../../lib/gcc/pic32mx/8.3.1/../../../../pic32mx/lib\libc-musl.a(__stdio_read.o)
 .debug_info    0x000000000000ae3e      0x497 c:/users/12037/pic/bin/bin/../../lib/gcc/pic32mx/8.3.1/../../../../pic32mx/lib\libc-musl.a(__stdio_seek.o)
 .debug_info    0x000000000000b2d5      0x398 c:/users/12037/pic/bin/bin/../../lib/gcc/pic32mx/8.3.1/../../../../pic32mx/lib\libc-musl.a(__stdout.o)
 .debug_info    0x000000000000b66d      0x217 c:/users/12037/pic/bin/bin/../../lib/gcc/pic32mx/8.3.1/../../../../pic32mx/lib\libc-musl.a(putc.o)
 .debug_info    0x000000000000b884      0x144 c:/users/12037/pic/bin/bin/../../lib/gcc/pic32mx/8.3.1/../../../../pic32mx/lib\libc-musl.a(readv.o)
 .debug_info    0x000000000000b9c8      0xfed c:/users/12037/pic/bin/bin/../../lib/gcc/pic32mx/8.3.1/../../../../pic32mx/lib\libc-musl.a(malloc.o)
 .debug_info    0x000000000000c9b5      0x105 c:/users/12037/pic/bin/bin/../../lib/gcc/pic32mx/8.3.1/../../../../pic32mx/lib\libc-musl.a(expand_heap.o)
 .debug_info    0x000000000000caba      0x37f c:/users/12037/pic/bin/bin/../../lib/gcc/pic32mx/8.3.1/../../../../pic32mx/lib\libc-musl.a(__overflow.o)
 .debug_info    0x000000000000ce39      0x1b1 c:/users/12037/pic/bin/bin/../../lib/gcc/pic32mx/8.3.1/../../../../pic32mx/lib\libc-musl.a(__fclose.o)
 .debug_info    0x000000000000cfea      0x2d0 c:/users/12037/pic/bin/bin/../../lib/gcc/pic32mx/8.3.1/../../../../pic32mx/lib\libc-musl.a(__fopen.o)
 .debug_info    0x000000000000d2ba      0x261 c:/users/12037/pic/bin/bin/../../lib/gcc/pic32mx/8.3.1/../../../../pic32mx/lib\libc-musl.a(__fseeko.o)
 .debug_info    0x000000000000d51b      0x283 c:/users/12037/pic/bin/bin/../../lib/gcc/pic32mx/8.3.1/../../../../pic32mx/lib\libc-musl.a(__ftello.o)
 .debug_info    0x000000000000d79e      0x2ac c:/users/12037/pic/bin/bin/../../lib/gcc/pic32mx/8.3.1/../../../../pic32mx/lib\libc-musl.a(__fwrite.o)
 .debug_info    0x000000000000da4a       0xdf c:/users/12037/pic/bin/bin/../../lib/gcc/pic32mx/8.3.1/../../../../pic32mx/lib\libc-musl.a(__io_init_needed.o)
 .debug_info    0x000000000000db29      0x265 c:/users/12037/pic/bin/bin/../../lib/gcc/pic32mx/8.3.1/../../../../pic32mx/lib\libc-musl.a(__towrite.o)
 .debug_info    0x000000000000dd8e      0x276 c:/users/12037/pic/bin/bin/../../lib/gcc/pic32mx/8.3.1/../../../../pic32mx/lib\libc-musl.a(libc.o)
 .debug_info    0x000000000000e004       0xb9 c:/users/12037/pic/bin/bin/../../lib/gcc/pic32mx/8.3.1/../../../../pic32mx/lib\libc-musl.a(__init_stdio.o)
 .debug_info    0x000000000000e0bd      0x1ac c:/users/12037/pic/bin/bin/../../lib/gcc/pic32mx/8.3.1/../../../../pic32mx/lib\libm.a(support.o)
 .debug_info    0x000000000000e269       0xcd c:/users/12037/pic/bin/bin/../../lib/gcc/pic32mx/8.3.1/../../../../pic32mx/lib\libm-musl.a(fabsl.o)
 .debug_info    0x000000000000e336      0x109 c:/users/12037/pic/bin/bin/../../lib/gcc/pic32mx/8.3.1/../../../../pic32mx/lib\libm-musl.a(scalbn.o)
 .debug_info    0x000000000000e43f       0xe7 c:/users/12037/pic/bin/bin/../../lib/gcc/pic32mx/8.3.1/../../../../pic32mx/lib\libm-musl.a(scalbnl.o)
 .debug_info    0x000000000000e526       0xd0 c:/users/12037/pic/bin/bin/../../lib/gcc/pic32mx/8.3.1/../../../../pic32mx/lib\libm-musl.a(fabs.o)
 .debug_info    0x000000000000e5f6      0x1aa c:/users/12037/pic/bin/bin/../../lib/gcc/pic32mx/8.3.1\libgcc.a(_lshrdi3.o)
 .debug_info    0x000000000000e7a0      0x1aa c:/users/12037/pic/bin/bin/../../lib/gcc/pic32mx/8.3.1\libgcc.a(_ashldi3.o)
 .debug_info    0x000000000000e94a      0x71c c:/users/12037/pic/bin/bin/../../lib/gcc/pic32mx/8.3.1\libgcc.a(_divdi3.o)
 .debug_info    0x000000000000f066      0x775 c:/users/12037/pic/bin/bin/../../lib/gcc/pic32mx/8.3.1\libgcc.a(_moddi3.o)
 .debug_info    0x000000000000f7db      0x6ca c:/users/12037/pic/bin/bin/../../lib/gcc/pic32mx/8.3.1\libgcc.a(_udivdi3.o)
 .debug_info    0x000000000000fea5      0x73e c:/users/12037/pic/bin/bin/../../lib/gcc/pic32mx/8.3.1\libgcc.a(_umoddi3.o)
 .debug_info    0x00000000000105e3       0xaf c:/users/12037/pic/bin/bin/../../lib/gcc/pic32mx/8.3.1\libgcc.a(floatunsidf.o)
 .debug_info    0x0000000000010692       0x97 c:/users/12037/pic/bin/bin/../../lib/gcc/pic32mx/8.3.1/../../../../pic32mx/lib\libpic32.a(sbrk.o)
 .debug_info    0x0000000000010729       0x40 c:/users/12037/pic/bin/bin/../../lib/gcc/pic32mx/8.3.1/../../../../pic32mx/lib\libpic32.a(read.o)
 .debug_info    0x0000000000010769       0x40 c:/users/12037/pic/bin/bin/../../lib/gcc/pic32mx/8.3.1/../../../../pic32mx/lib\libpic32.a(write.o)
 .debug_info    0x00000000000107a9       0x3f c:/users/12037/pic/bin/bin/../../lib/gcc/pic32mx/8.3.1/../../../../pic32mx/lib\libpic32.a(lseek.o)
 .debug_info    0x00000000000107e8       0x3f c:/users/12037/pic/bin/bin/../../lib/gcc/pic32mx/8.3.1/../../../../pic32mx/lib\libpic32.a(close.o)
 .debug_info    0x0000000000010827       0x40 c:/users/12037/pic/bin/bin/../../lib/gcc/pic32mx/8.3.1/../../../../pic32mx/lib\libpic32.a(_mon_putc.o)

.debug_abbrev   0x0000000000000000     0x5dcc
 *(.debug_abbrev)
 .debug_abbrev  0x0000000000000000      0x124 build/default/production/nu32dip.o
 .debug_abbrev  0x0000000000000124      0x128 build/default/production/template.o
 .debug_abbrev  0x000000000000024c       0x31 c:/users/12037/pic/bin/bin/../../lib/gcc/pic32mx/8.3.1/../../../../pic32mx/lib\libpic32.a(default-bootstrap-exception-handler.o)
 .debug_abbrev  0x000000000000027d       0x2e c:/users/12037/pic/bin/bin/../../lib/gcc/pic32mx/8.3.1/../../../../pic32mx/lib\libpic32.a(default-on-reset.o)
 .debug_abbrev  0x00000000000002ab       0x2e c:/users/12037/pic/bin/bin/../../lib/gcc/pic32mx/8.3.1/../../../../pic32mx/lib\libpic32.a(default-on-bootstrap.o)
 .debug_abbrev  0x00000000000002d9       0x31 c:/users/12037/pic/bin/bin/../../lib/gcc/pic32mx/8.3.1/../../../../pic32mx/lib\libpic32.a(default-general-exception-handler.o)
 .debug_abbrev  0x000000000000030a       0x31 c:/users/12037/pic/bin/bin/../../lib/gcc/pic32mx/8.3.1/../../../../pic32mx/lib\libpic32.a(defaultinterrupt.o)
 .debug_abbrev  0x000000000000033b      0x100 c:/users/12037/pic/bin/bin/../../lib/gcc/pic32mx/8.3.1/../../../../pic32mx/lib\libc-musl.a(__sio_sscanf_dfoux.o)
 .debug_abbrev  0x000000000000043b      0x1d5 c:/users/12037/pic/bin/bin/../../lib/gcc/pic32mx/8.3.1/../../../../pic32mx/lib\libc-musl.a(__scan_d.o)
 .debug_abbrev  0x0000000000000610      0x22c c:/users/12037/pic/bin/bin/../../lib/gcc/pic32mx/8.3.1/../../../../pic32mx/lib\libc-musl.a(__scan_fp.o)
 .debug_abbrev  0x000000000000083c      0x1e8 c:/users/12037/pic/bin/bin/../../lib/gcc/pic32mx/8.3.1/../../../../pic32mx/lib\libc-musl.a(__scan_i.o)
 .debug_abbrev  0x0000000000000a24      0x1b0 c:/users/12037/pic/bin/bin/../../lib/gcc/pic32mx/8.3.1/../../../../pic32mx/lib\libc-musl.a(__scan_o.o)
 .debug_abbrev  0x0000000000000bd4      0x1b1 c:/users/12037/pic/bin/bin/../../lib/gcc/pic32mx/8.3.1/../../../../pic32mx/lib\libc-musl.a(__scan_s.o)
 .debug_abbrev  0x0000000000000d85      0x161 c:/users/12037/pic/bin/bin/../../lib/gcc/pic32mx/8.3.1/../../../../pic32mx/lib\libc-musl.a(__scan_u.o)
 .debug_abbrev  0x0000000000000ee6      0x1bb c:/users/12037/pic/bin/bin/../../lib/gcc/pic32mx/8.3.1/../../../../pic32mx/lib\libc-musl.a(__scan_x.o)
 .debug_abbrev  0x00000000000010a1      0x2e0 c:/users/12037/pic/bin/bin/../../lib/gcc/pic32mx/8.3.1/../../../../pic32mx/lib\libc-musl.a(__scanf_core.o)
 .debug_abbrev  0x0000000000001381       0xc4 c:/users/12037/pic/bin/bin/../../lib/gcc/pic32mx/8.3.1/../../../../pic32mx/lib\libc-musl.a(atoi.o)
 .debug_abbrev  0x0000000000001445      0x1b7 c:/users/12037/pic/bin/bin/../../lib/gcc/pic32mx/8.3.1/../../../../pic32mx/lib\libc-musl.a(strtod.o)
 .debug_abbrev  0x00000000000015fc      0x192 c:/users/12037/pic/bin/bin/../../lib/gcc/pic32mx/8.3.1/../../../../pic32mx/lib\libc-musl.a(strtol.o)
 .debug_abbrev  0x000000000000178e       0xa2 c:/users/12037/pic/bin/bin/../../lib/gcc/pic32mx/8.3.1/../../../../pic32mx/lib\libc-musl.a(memset.o)
 .debug_abbrev  0x0000000000001830      0x105 c:/users/12037/pic/bin/bin/../../lib/gcc/pic32mx/8.3.1/../../../../pic32mx/lib\libc-musl.a(isxdigit.o)
 .debug_abbrev  0x0000000000001935       0xf1 c:/users/12037/pic/bin/bin/../../lib/gcc/pic32mx/8.3.1/../../../../pic32mx/lib\libc-musl.a(tolower.o)
 .debug_abbrev  0x0000000000001a26      0x31d c:/users/12037/pic/bin/bin/../../lib/gcc/pic32mx/8.3.1/../../../../pic32mx/lib\libc-musl.a(floatscan.o)
 .debug_abbrev  0x0000000000001d43      0x1f6 c:/users/12037/pic/bin/bin/../../lib/gcc/pic32mx/8.3.1/../../../../pic32mx/lib\libc-musl.a(intscan.o)
 .debug_abbrev  0x0000000000001f39      0x166 c:/users/12037/pic/bin/bin/../../lib/gcc/pic32mx/8.3.1/../../../../pic32mx/lib\libc-musl.a(shgetc.o)
 .debug_abbrev  0x000000000000209f      0x17a c:/users/12037/pic/bin/bin/../../lib/gcc/pic32mx/8.3.1/../../../../pic32mx/lib\libc-musl.a(__int_vsscanf.o)
 .debug_abbrev  0x0000000000002219      0x146 c:/users/12037/pic/bin/bin/../../lib/gcc/pic32mx/8.3.1/../../../../pic32mx/lib\libc-musl.a(__string_read.o)
 .debug_abbrev  0x000000000000235f      0x141 c:/users/12037/pic/bin/bin/../../lib/gcc/pic32mx/8.3.1/../../../../pic32mx/lib\libc-musl.a(__uflow.o)
 .debug_abbrev  0x00000000000024a0       0x67 c:/users/12037/pic/bin/bin/../../lib/gcc/pic32mx/8.3.1/../../../../pic32mx/lib\libc-musl.a(__io_rw_needed.o)
 .debug_abbrev  0x0000000000002507      0x318 c:/users/12037/pic/bin/bin/../../lib/gcc/pic32mx/8.3.1/../../../../pic32mx/lib\libc-musl.a(__printf_core.o)
 .debug_abbrev  0x000000000000281f       0xc9 c:/users/12037/pic/bin/bin/../../lib/gcc/pic32mx/8.3.1/../../../../pic32mx/lib\libc-musl.a(__push_float.o)
 .debug_abbrev  0x00000000000028e8       0xeb c:/users/12037/pic/bin/bin/../../lib/gcc/pic32mx/8.3.1/../../../../pic32mx/lib\libc-musl.a(__push_int.o)
 .debug_abbrev  0x00000000000029d3       0xf5 c:/users/12037/pic/bin/bin/../../lib/gcc/pic32mx/8.3.1/../../../../pic32mx/lib\libc-musl.a(__towrite_rw.o)
 .debug_abbrev  0x0000000000002ac8       0xc2 c:/users/12037/pic/bin/bin/../../lib/gcc/pic32mx/8.3.1/../../../../pic32mx/lib\libc-musl.a(memchr.o)
 .debug_abbrev  0x0000000000002b8a       0xbb c:/users/12037/pic/bin/bin/../../lib/gcc/pic32mx/8.3.1/../../../../pic32mx/lib\libc-musl.a(memcpy.o)
 .debug_abbrev  0x0000000000002c45      0x153 c:/users/12037/pic/bin/bin/../../lib/gcc/pic32mx/8.3.1/../../../../pic32mx/lib\libc-musl.a(__int_vfscanf.o)
 .debug_abbrev  0x0000000000002d98      0x148 c:/users/12037/pic/bin/bin/../../lib/gcc/pic32mx/8.3.1/../../../../pic32mx/lib\libc-musl.a(__toread.o)
 .debug_abbrev  0x0000000000002ee0      0x12c c:/users/12037/pic/bin/bin/../../lib/gcc/pic32mx/8.3.1/../../../../pic32mx/lib\libc-musl.a(__fopen_rw.o)
 .debug_abbrev  0x000000000000300c      0x10b c:/users/12037/pic/bin/bin/../../lib/gcc/pic32mx/8.3.1/../../../../pic32mx/lib\libc-musl.a(__ftello_rw.o)
 .debug_abbrev  0x0000000000003117       0x67 c:/users/12037/pic/bin/bin/../../lib/gcc/pic32mx/8.3.1/../../../../pic32mx/lib\libc-musl.a(__io_buf_needed.o)
 .debug_abbrev  0x000000000000317e       0x67 c:/users/12037/pic/bin/bin/../../lib/gcc/pic32mx/8.3.1/../../../../pic32mx/lib\libc-musl.a(__io_file_needed.o)
 .debug_abbrev  0x00000000000031e5       0x67 c:/users/12037/pic/bin/bin/../../lib/gcc/pic32mx/8.3.1/../../../../pic32mx/lib\libc-musl.a(__io_std_needed.o)
 .debug_abbrev  0x000000000000324c      0x17a c:/users/12037/pic/bin/bin/../../lib/gcc/pic32mx/8.3.1/../../../../pic32mx/lib\libc-musl.a(__out.o)
 .debug_abbrev  0x00000000000033c6       0xc3 c:/users/12037/pic/bin/bin/../../lib/gcc/pic32mx/8.3.1/../../../../pic32mx/lib\libc-musl.a(__pop_float.o)
 .debug_abbrev  0x0000000000003489       0xc3 c:/users/12037/pic/bin/bin/../../lib/gcc/pic32mx/8.3.1/../../../../pic32mx/lib\libc-musl.a(__pop_int.o)
 .debug_abbrev  0x000000000000354c       0xd7 c:/users/12037/pic/bin/bin/../../lib/gcc/pic32mx/8.3.1/../../../../pic32mx/lib\libc-musl.a(__pop_ptr.o)
 .debug_abbrev  0x0000000000003623      0x109 c:/users/12037/pic/bin/bin/../../lib/gcc/pic32mx/8.3.1/../../../../pic32mx/lib\libc-musl.a(__putc.o)
 .debug_abbrev  0x000000000000372c      0x16a c:/users/12037/pic/bin/bin/../../lib/gcc/pic32mx/8.3.1/../../../../pic32mx/lib\libc-musl.a(__stderr.o)
 .debug_abbrev  0x0000000000003896      0x15a c:/users/12037/pic/bin/bin/../../lib/gcc/pic32mx/8.3.1/../../../../pic32mx/lib\libc-musl.a(__stdio_close.o)
 .debug_abbrev  0x00000000000039f0      0x170 c:/users/12037/pic/bin/bin/../../lib/gcc/pic32mx/8.3.1/../../../../pic32mx/lib\libc-musl.a(__stdio_exit.o)
 .debug_abbrev  0x0000000000003b60      0x16c c:/users/12037/pic/bin/bin/../../lib/gcc/pic32mx/8.3.1/../../../../pic32mx/lib\libc-musl.a(__stdio_read.o)
 .debug_abbrev  0x0000000000003ccc      0x14f c:/users/12037/pic/bin/bin/../../lib/gcc/pic32mx/8.3.1/../../../../pic32mx/lib\libc-musl.a(__stdio_seek.o)
 .debug_abbrev  0x0000000000003e1b      0x16a c:/users/12037/pic/bin/bin/../../lib/gcc/pic32mx/8.3.1/../../../../pic32mx/lib\libc-musl.a(__stdout.o)
 .debug_abbrev  0x0000000000003f85      0x122 c:/users/12037/pic/bin/bin/../../lib/gcc/pic32mx/8.3.1/../../../../pic32mx/lib\libc-musl.a(putc.o)
 .debug_abbrev  0x00000000000040a7       0xf7 c:/users/12037/pic/bin/bin/../../lib/gcc/pic32mx/8.3.1/../../../../pic32mx/lib\libc-musl.a(readv.o)
 .debug_abbrev  0x000000000000419e      0x43a c:/users/12037/pic/bin/bin/../../lib/gcc/pic32mx/8.3.1/../../../../pic32mx/lib\libc-musl.a(malloc.o)
 .debug_abbrev  0x00000000000045d8       0xc4 c:/users/12037/pic/bin/bin/../../lib/gcc/pic32mx/8.3.1/../../../../pic32mx/lib\libc-musl.a(expand_heap.o)
 .debug_abbrev  0x000000000000469c      0x141 c:/users/12037/pic/bin/bin/../../lib/gcc/pic32mx/8.3.1/../../../../pic32mx/lib\libc-musl.a(__overflow.o)
 .debug_abbrev  0x00000000000047dd       0xdd c:/users/12037/pic/bin/bin/../../lib/gcc/pic32mx/8.3.1/../../../../pic32mx/lib\libc-musl.a(__fclose.o)
 .debug_abbrev  0x00000000000048ba      0x168 c:/users/12037/pic/bin/bin/../../lib/gcc/pic32mx/8.3.1/../../../../pic32mx/lib\libc-musl.a(__fopen.o)
 .debug_abbrev  0x0000000000004a22       0xf8 c:/users/12037/pic/bin/bin/../../lib/gcc/pic32mx/8.3.1/../../../../pic32mx/lib\libc-musl.a(__fseeko.o)
 .debug_abbrev  0x0000000000004b1a      0x111 c:/users/12037/pic/bin/bin/../../lib/gcc/pic32mx/8.3.1/../../../../pic32mx/lib\libc-musl.a(__ftello.o)
 .debug_abbrev  0x0000000000004c2b      0x121 c:/users/12037/pic/bin/bin/../../lib/gcc/pic32mx/8.3.1/../../../../pic32mx/lib\libc-musl.a(__fwrite.o)
 .debug_abbrev  0x0000000000004d4c       0x81 c:/users/12037/pic/bin/bin/../../lib/gcc/pic32mx/8.3.1/../../../../pic32mx/lib\libc-musl.a(__io_init_needed.o)
 .debug_abbrev  0x0000000000004dcd      0x125 c:/users/12037/pic/bin/bin/../../lib/gcc/pic32mx/8.3.1/../../../../pic32mx/lib\libc-musl.a(__towrite.o)
 .debug_abbrev  0x0000000000004ef2       0xd4 c:/users/12037/pic/bin/bin/../../lib/gcc/pic32mx/8.3.1/../../../../pic32mx/lib\libc-musl.a(libc.o)
 .debug_abbrev  0x0000000000004fc6       0x65 c:/users/12037/pic/bin/bin/../../lib/gcc/pic32mx/8.3.1/../../../../pic32mx/lib\libc-musl.a(__init_stdio.o)
 .debug_abbrev  0x000000000000502b       0xe9 c:/users/12037/pic/bin/bin/../../lib/gcc/pic32mx/8.3.1/../../../../pic32mx/lib\libm.a(support.o)
 .debug_abbrev  0x0000000000005114       0x89 c:/users/12037/pic/bin/bin/../../lib/gcc/pic32mx/8.3.1/../../../../pic32mx/lib\libm-musl.a(fabsl.o)
 .debug_abbrev  0x000000000000519d       0xac c:/users/12037/pic/bin/bin/../../lib/gcc/pic32mx/8.3.1/../../../../pic32mx/lib\libm-musl.a(scalbn.o)
 .debug_abbrev  0x0000000000005249       0x89 c:/users/12037/pic/bin/bin/../../lib/gcc/pic32mx/8.3.1/../../../../pic32mx/lib\libm-musl.a(scalbnl.o)
 .debug_abbrev  0x00000000000052d2       0x95 c:/users/12037/pic/bin/bin/../../lib/gcc/pic32mx/8.3.1/../../../../pic32mx/lib\libm-musl.a(fabs.o)
 .debug_abbrev  0x0000000000005367      0x121 c:/users/12037/pic/bin/bin/../../lib/gcc/pic32mx/8.3.1\libgcc.a(_lshrdi3.o)
 .debug_abbrev  0x0000000000005488      0x121 c:/users/12037/pic/bin/bin/../../lib/gcc/pic32mx/8.3.1\libgcc.a(_ashldi3.o)
 .debug_abbrev  0x00000000000055a9      0x1a3 c:/users/12037/pic/bin/bin/../../lib/gcc/pic32mx/8.3.1\libgcc.a(_divdi3.o)
 .debug_abbrev  0x000000000000574c      0x1a1 c:/users/12037/pic/bin/bin/../../lib/gcc/pic32mx/8.3.1\libgcc.a(_moddi3.o)
 .debug_abbrev  0x00000000000058ed      0x184 c:/users/12037/pic/bin/bin/../../lib/gcc/pic32mx/8.3.1\libgcc.a(_udivdi3.o)
 .debug_abbrev  0x0000000000005a71      0x19a c:/users/12037/pic/bin/bin/../../lib/gcc/pic32mx/8.3.1\libgcc.a(_umoddi3.o)
 .debug_abbrev  0x0000000000005c0b       0x7d c:/users/12037/pic/bin/bin/../../lib/gcc/pic32mx/8.3.1\libgcc.a(floatunsidf.o)
 .debug_abbrev  0x0000000000005c88       0x5e c:/users/12037/pic/bin/bin/../../lib/gcc/pic32mx/8.3.1/../../../../pic32mx/lib\libpic32.a(sbrk.o)
 .debug_abbrev  0x0000000000005ce6       0x2e c:/users/12037/pic/bin/bin/../../lib/gcc/pic32mx/8.3.1/../../../../pic32mx/lib\libpic32.a(read.o)
 .debug_abbrev  0x0000000000005d14       0x2e c:/users/12037/pic/bin/bin/../../lib/gcc/pic32mx/8.3.1/../../../../pic32mx/lib\libpic32.a(write.o)
 .debug_abbrev  0x0000000000005d42       0x2e c:/users/12037/pic/bin/bin/../../lib/gcc/pic32mx/8.3.1/../../../../pic32mx/lib\libpic32.a(lseek.o)
 .debug_abbrev  0x0000000000005d70       0x2e c:/users/12037/pic/bin/bin/../../lib/gcc/pic32mx/8.3.1/../../../../pic32mx/lib\libpic32.a(close.o)
 .debug_abbrev  0x0000000000005d9e       0x2e c:/users/12037/pic/bin/bin/../../lib/gcc/pic32mx/8.3.1/../../../../pic32mx/lib\libpic32.a(_mon_putc.o)

.debug_line     0x0000000000000000     0xcc00
 *(.debug_line)
 .debug_line    0x0000000000000000      0x1d8 build/default/production/nu32dip.o
 .debug_line    0x00000000000001d8      0x1b5 build/default/production/template.o
 .debug_line    0x000000000000038d       0xca c:/users/12037/pic/bin/bin/../../lib/gcc/pic32mx/8.3.1/../../../../pic32mx/lib\libpic32.a(default-bootstrap-exception-handler.o)
 .debug_line    0x0000000000000457       0xa6 c:/users/12037/pic/bin/bin/../../lib/gcc/pic32mx/8.3.1/../../../../pic32mx/lib\libpic32.a(default-on-reset.o)
 .debug_line    0x00000000000004fd       0xaa c:/users/12037/pic/bin/bin/../../lib/gcc/pic32mx/8.3.1/../../../../pic32mx/lib\libpic32.a(default-on-bootstrap.o)
 .debug_line    0x00000000000005a7       0xc8 c:/users/12037/pic/bin/bin/../../lib/gcc/pic32mx/8.3.1/../../../../pic32mx/lib\libpic32.a(default-general-exception-handler.o)
 .debug_line    0x000000000000066f       0xc9 c:/users/12037/pic/bin/bin/../../lib/gcc/pic32mx/8.3.1/../../../../pic32mx/lib\libpic32.a(defaultinterrupt.o)
 .debug_line    0x0000000000000738      0x1f2 c:/users/12037/pic/bin/bin/../../lib/gcc/pic32mx/8.3.1/../../../../pic32mx/lib\libc-musl.a(__sio_sscanf_dfoux.o)
 .debug_line    0x000000000000092a      0x3b5 c:/users/12037/pic/bin/bin/../../lib/gcc/pic32mx/8.3.1/../../../../pic32mx/lib\libc-musl.a(__scan_d.o)
 .debug_line    0x0000000000000cdf      0x4d0 c:/users/12037/pic/bin/bin/../../lib/gcc/pic32mx/8.3.1/../../../../pic32mx/lib\libc-musl.a(__scan_fp.o)
 .debug_line    0x00000000000011af      0x3fe c:/users/12037/pic/bin/bin/../../lib/gcc/pic32mx/8.3.1/../../../../pic32mx/lib\libc-musl.a(__scan_i.o)
 .debug_line    0x00000000000015ad      0x341 c:/users/12037/pic/bin/bin/../../lib/gcc/pic32mx/8.3.1/../../../../pic32mx/lib\libc-musl.a(__scan_o.o)
 .debug_line    0x00000000000018ee      0x354 c:/users/12037/pic/bin/bin/../../lib/gcc/pic32mx/8.3.1/../../../../pic32mx/lib\libc-musl.a(__scan_s.o)
 .debug_line    0x0000000000001c42      0x242 c:/users/12037/pic/bin/bin/../../lib/gcc/pic32mx/8.3.1/../../../../pic32mx/lib\libc-musl.a(__scan_u.o)
 .debug_line    0x0000000000001e84      0x386 c:/users/12037/pic/bin/bin/../../lib/gcc/pic32mx/8.3.1/../../../../pic32mx/lib\libc-musl.a(__scan_x.o)
 .debug_line    0x000000000000220a      0x7a2 c:/users/12037/pic/bin/bin/../../lib/gcc/pic32mx/8.3.1/../../../../pic32mx/lib\libc-musl.a(__scanf_core.o)
 .debug_line    0x00000000000029ac      0x17c c:/users/12037/pic/bin/bin/../../lib/gcc/pic32mx/8.3.1/../../../../pic32mx/lib\libc-musl.a(atoi.o)
 .debug_line    0x0000000000002b28      0x2dd c:/users/12037/pic/bin/bin/../../lib/gcc/pic32mx/8.3.1/../../../../pic32mx/lib\libc-musl.a(strtod.o)
 .debug_line    0x0000000000002e05      0x348 c:/users/12037/pic/bin/bin/../../lib/gcc/pic32mx/8.3.1/../../../../pic32mx/lib\libc-musl.a(strtol.o)
 .debug_line    0x000000000000314d      0x131 c:/users/12037/pic/bin/bin/../../lib/gcc/pic32mx/8.3.1/../../../../pic32mx/lib\libc-musl.a(memset.o)
 .debug_line    0x000000000000327e      0x1bd c:/users/12037/pic/bin/bin/../../lib/gcc/pic32mx/8.3.1/../../../../pic32mx/lib\libc-musl.a(isxdigit.o)
 .debug_line    0x000000000000343b      0x1bb c:/users/12037/pic/bin/bin/../../lib/gcc/pic32mx/8.3.1/../../../../pic32mx/lib\libc-musl.a(tolower.o)
 .debug_line    0x00000000000035f6      0xfff c:/users/12037/pic/bin/bin/../../lib/gcc/pic32mx/8.3.1/../../../../pic32mx/lib\libc-musl.a(floatscan.o)
 .debug_line    0x00000000000045f5      0x509 c:/users/12037/pic/bin/bin/../../lib/gcc/pic32mx/8.3.1/../../../../pic32mx/lib\libc-musl.a(intscan.o)
 .debug_line    0x0000000000004afe      0x24c c:/users/12037/pic/bin/bin/../../lib/gcc/pic32mx/8.3.1/../../../../pic32mx/lib\libc-musl.a(shgetc.o)
 .debug_line    0x0000000000004d4a      0x2d8 c:/users/12037/pic/bin/bin/../../lib/gcc/pic32mx/8.3.1/../../../../pic32mx/lib\libc-musl.a(__int_vsscanf.o)
 .debug_line    0x0000000000005022      0x2df c:/users/12037/pic/bin/bin/../../lib/gcc/pic32mx/8.3.1/../../../../pic32mx/lib\libc-musl.a(__string_read.o)
 .debug_line    0x0000000000005301      0x227 c:/users/12037/pic/bin/bin/../../lib/gcc/pic32mx/8.3.1/../../../../pic32mx/lib\libc-musl.a(__uflow.o)
 .debug_line    0x0000000000005528      0x145 c:/users/12037/pic/bin/bin/../../lib/gcc/pic32mx/8.3.1/../../../../pic32mx/lib\libc-musl.a(__io_rw_needed.o)
 .debug_line    0x000000000000566d      0x714 c:/users/12037/pic/bin/bin/../../lib/gcc/pic32mx/8.3.1/../../../../pic32mx/lib\libc-musl.a(__printf_core.o)
 .debug_line    0x0000000000005d81      0x1fe c:/users/12037/pic/bin/bin/../../lib/gcc/pic32mx/8.3.1/../../../../pic32mx/lib\libc-musl.a(__push_float.o)
 .debug_line    0x0000000000005f7f      0x24a c:/users/12037/pic/bin/bin/../../lib/gcc/pic32mx/8.3.1/../../../../pic32mx/lib\libc-musl.a(__push_int.o)
 .debug_line    0x00000000000061c9      0x249 c:/users/12037/pic/bin/bin/../../lib/gcc/pic32mx/8.3.1/../../../../pic32mx/lib\libc-musl.a(__towrite_rw.o)
 .debug_line    0x0000000000006412      0x143 c:/users/12037/pic/bin/bin/../../lib/gcc/pic32mx/8.3.1/../../../../pic32mx/lib\libc-musl.a(memchr.o)
 .debug_line    0x0000000000006555      0x13a c:/users/12037/pic/bin/bin/../../lib/gcc/pic32mx/8.3.1/../../../../pic32mx/lib\libc-musl.a(memcpy.o)
 .debug_line    0x000000000000668f      0x239 c:/users/12037/pic/bin/bin/../../lib/gcc/pic32mx/8.3.1/../../../../pic32mx/lib\libc-musl.a(__int_vfscanf.o)
 .debug_line    0x00000000000068c8      0x281 c:/users/12037/pic/bin/bin/../../lib/gcc/pic32mx/8.3.1/../../../../pic32mx/lib\libc-musl.a(__toread.o)
 .debug_line    0x0000000000006b49      0x2f6 c:/users/12037/pic/bin/bin/../../lib/gcc/pic32mx/8.3.1/../../../../pic32mx/lib\libc-musl.a(__fopen_rw.o)
 .debug_line    0x0000000000006e3f      0x23a c:/users/12037/pic/bin/bin/../../lib/gcc/pic32mx/8.3.1/../../../../pic32mx/lib\libc-musl.a(__ftello_rw.o)
 .debug_line    0x0000000000007079      0x149 c:/users/12037/pic/bin/bin/../../lib/gcc/pic32mx/8.3.1/../../../../pic32mx/lib\libc-musl.a(__io_buf_needed.o)
 .debug_line    0x00000000000071c2       0xc4 c:/users/12037/pic/bin/bin/../../lib/gcc/pic32mx/8.3.1/../../../../pic32mx/lib\libc-musl.a(__io_file_needed.o)
 .debug_line    0x0000000000007286      0x148 c:/users/12037/pic/bin/bin/../../lib/gcc/pic32mx/8.3.1/../../../../pic32mx/lib\libc-musl.a(__io_std_needed.o)
 .debug_line    0x00000000000073ce      0x2a6 c:/users/12037/pic/bin/bin/../../lib/gcc/pic32mx/8.3.1/../../../../pic32mx/lib\libc-musl.a(__out.o)
 .debug_line    0x0000000000007674      0x1b5 c:/users/12037/pic/bin/bin/../../lib/gcc/pic32mx/8.3.1/../../../../pic32mx/lib\libc-musl.a(__pop_float.o)
 .debug_line    0x0000000000007829      0x254 c:/users/12037/pic/bin/bin/../../lib/gcc/pic32mx/8.3.1/../../../../pic32mx/lib\libc-musl.a(__pop_int.o)
 .debug_line    0x0000000000007a7d      0x20d c:/users/12037/pic/bin/bin/../../lib/gcc/pic32mx/8.3.1/../../../../pic32mx/lib\libc-musl.a(__pop_ptr.o)
 .debug_line    0x0000000000007c8a      0x1c0 c:/users/12037/pic/bin/bin/../../lib/gcc/pic32mx/8.3.1/../../../../pic32mx/lib\libc-musl.a(__putc.o)
 .debug_line    0x0000000000007e4a      0x247 c:/users/12037/pic/bin/bin/../../lib/gcc/pic32mx/8.3.1/../../../../pic32mx/lib\libc-musl.a(__stderr.o)
 .debug_line    0x0000000000008091      0x2f2 c:/users/12037/pic/bin/bin/../../lib/gcc/pic32mx/8.3.1/../../../../pic32mx/lib\libc-musl.a(__stdio_close.o)
 .debug_line    0x0000000000008383      0x1d8 c:/users/12037/pic/bin/bin/../../lib/gcc/pic32mx/8.3.1/../../../../pic32mx/lib\libc-musl.a(__stdio_exit.o)
 .debug_line    0x000000000000855b      0x29c c:/users/12037/pic/bin/bin/../../lib/gcc/pic32mx/8.3.1/../../../../pic32mx/lib\libc-musl.a(__stdio_read.o)
 .debug_line    0x00000000000087f7      0x325 c:/users/12037/pic/bin/bin/../../lib/gcc/pic32mx/8.3.1/../../../../pic32mx/lib\libc-musl.a(__stdio_seek.o)
 .debug_line    0x0000000000008b1c      0x247 c:/users/12037/pic/bin/bin/../../lib/gcc/pic32mx/8.3.1/../../../../pic32mx/lib\libc-musl.a(__stdout.o)
 .debug_line    0x0000000000008d63      0x20a c:/users/12037/pic/bin/bin/../../lib/gcc/pic32mx/8.3.1/../../../../pic32mx/lib\libc-musl.a(putc.o)
 .debug_line    0x0000000000008f6d      0x1b8 c:/users/12037/pic/bin/bin/../../lib/gcc/pic32mx/8.3.1/../../../../pic32mx/lib\libc-musl.a(readv.o)
 .debug_line    0x0000000000009125      0xb43 c:/users/12037/pic/bin/bin/../../lib/gcc/pic32mx/8.3.1/../../../../pic32mx/lib\libc-musl.a(malloc.o)
 .debug_line    0x0000000000009c68      0x145 c:/users/12037/pic/bin/bin/../../lib/gcc/pic32mx/8.3.1/../../../../pic32mx/lib\libc-musl.a(expand_heap.o)
 .debug_line    0x0000000000009dad      0x257 c:/users/12037/pic/bin/bin/../../lib/gcc/pic32mx/8.3.1/../../../../pic32mx/lib\libc-musl.a(__overflow.o)
 .debug_line    0x000000000000a004      0x1af c:/users/12037/pic/bin/bin/../../lib/gcc/pic32mx/8.3.1/../../../../pic32mx/lib\libc-musl.a(__fclose.o)
 .debug_line    0x000000000000a1b3      0x27e c:/users/12037/pic/bin/bin/../../lib/gcc/pic32mx/8.3.1/../../../../pic32mx/lib\libc-musl.a(__fopen.o)
 .debug_line    0x000000000000a431      0x1a3 c:/users/12037/pic/bin/bin/../../lib/gcc/pic32mx/8.3.1/../../../../pic32mx/lib\libc-musl.a(__fseeko.o)
 .debug_line    0x000000000000a5d4      0x1d4 c:/users/12037/pic/bin/bin/../../lib/gcc/pic32mx/8.3.1/../../../../pic32mx/lib\libc-musl.a(__ftello.o)
 .debug_line    0x000000000000a7a8      0x1e6 c:/users/12037/pic/bin/bin/../../lib/gcc/pic32mx/8.3.1/../../../../pic32mx/lib\libc-musl.a(__fwrite.o)
 .debug_line    0x000000000000a98e      0x155 c:/users/12037/pic/bin/bin/../../lib/gcc/pic32mx/8.3.1/../../../../pic32mx/lib\libc-musl.a(__io_init_needed.o)
 .debug_line    0x000000000000aae3      0x1df c:/users/12037/pic/bin/bin/../../lib/gcc/pic32mx/8.3.1/../../../../pic32mx/lib\libc-musl.a(__towrite.o)
 .debug_line    0x000000000000acc2      0x10c c:/users/12037/pic/bin/bin/../../lib/gcc/pic32mx/8.3.1/../../../../pic32mx/lib\libc-musl.a(libc.o)
 .debug_line    0x000000000000adce       0xd0 c:/users/12037/pic/bin/bin/../../lib/gcc/pic32mx/8.3.1/../../../../pic32mx/lib\libc-musl.a(__init_stdio.o)
 .debug_line    0x000000000000ae9e      0x389 c:/users/12037/pic/bin/bin/../../lib/gcc/pic32mx/8.3.1/../../../../pic32mx/lib\libm.a(support.o)
 .debug_line    0x000000000000b227      0x123 c:/users/12037/pic/bin/bin/../../lib/gcc/pic32mx/8.3.1/../../../../pic32mx/lib\libm-musl.a(fabsl.o)